
Discarded input sections

 .data          0x0000000000000000        0x0 src/mgb_save.o
 .bss           0x0000000000000000        0x0 src/mgb_save.o
 .ARM.attributes
                0x0000000000000000       0x20 src/mgb_save.o
 .data          0x0000000000000000        0x0 src/mgb_unk1.o
 .ARM.attributes
                0x0000000000000000       0x20 src/mgb_unk1.o
 .data          0x0000000000000000        0x0 asm/crt0.o
 .bss           0x0000000000000000        0x0 asm/crt0.o
 .ARM.attributes
                0x0000000000000000       0x20 asm/crt0.o
 .data          0x0000000000000000        0x0 asm/mka0.o
 .bss           0x0000000000000000        0x0 asm/mka0.o
 .ARM.attributes
                0x0000000000000000       0x20 asm/mka0.o
 .data          0x0000000000000000        0x0 asm/mobile_adapter_gb_intro.o
 .bss           0x0000000000000000        0x0 asm/mobile_adapter_gb_intro.o
 .ARM.attributes
                0x0000000000000000       0x20 asm/mobile_adapter_gb_intro.o
 .data          0x0000000000000000        0x0 asm/mka1.o
 .bss           0x0000000000000000        0x0 asm/mka1.o
 .ARM.attributes
                0x0000000000000000       0x20 asm/mka1.o
 .data          0x0000000000000000        0x0 asm/main.o
 .bss           0x0000000000000000        0x0 asm/main.o
 .ARM.attributes
                0x0000000000000000       0x20 asm/main.o
 .data          0x0000000000000000        0x0 asm/mka2.o
 .bss           0x0000000000000000        0x0 asm/mka2.o
 .ARM.attributes
                0x0000000000000000       0x20 asm/mka2.o
 .data          0x0000000000000000        0x0 asm/game.o
 .bss           0x0000000000000000        0x0 asm/game.o
 .ARM.attributes
                0x0000000000000000       0x20 asm/game.o
 .data          0x0000000000000000        0x0 asm/mka3.o
 .bss           0x0000000000000000        0x0 asm/mka3.o
 .ARM.attributes
                0x0000000000000000       0x20 asm/mka3.o
 .data          0x0000000000000000        0x0 asm/mobile_adapter_gb0.o
 .bss           0x0000000000000000        0x0 asm/mobile_adapter_gb0.o
 .ARM.attributes
                0x0000000000000000       0x20 asm/mobile_adapter_gb0.o
 .data          0x0000000000000000        0x0 src/mgb_profile.o
 .bss           0x0000000000000000        0x0 src/mgb_profile.o
 .ARM.attributes
                0x0000000000000000       0x20 src/mgb_profile.o
 .data          0x0000000000000000        0x0 asm/mobile_adapter_gb1.o
 .bss           0x0000000000000000        0x0 asm/mobile_adapter_gb1.o
 .ARM.attributes
                0x0000000000000000       0x20 asm/mobile_adapter_gb1.o
 .data          0x0000000000000000        0x0 asm/mka4.o
 .bss           0x0000000000000000        0x0 asm/mka4.o
 .ARM.attributes
                0x0000000000000000       0x20 asm/mka4.o
 .data          0x0000000000000000        0x0 asm/swi.o
 .bss           0x0000000000000000        0x0 asm/swi.o
 .ARM.attributes
                0x0000000000000000       0x20 asm/swi.o
 .data          0x0000000000000000        0x0 asm/mka5.o
 .bss           0x0000000000000000        0x0 asm/mka5.o
 .ARM.attributes
                0x0000000000000000       0x20 asm/mka5.o
 .data          0x0000000000000000        0x0 asm/data.o
 .bss           0x0000000000000000        0x0 asm/data.o
 .ARM.attributes
                0x0000000000000000       0x20 asm/data.o
 .data          0x0000000000000000        0x0 asm/mka6.o
 .bss           0x0000000000000000        0x0 asm/mka6.o
 .ARM.attributes
                0x0000000000000000       0x20 asm/mka6.o
 .text          0x0000000000000000        0x0 asm/defines.o
 .data          0x0000000000000000        0x0 asm/defines.o
 .bss           0x0000000000000000        0x0 asm/defines.o
 .ARM.attributes
                0x0000000000000000       0x20 asm/defines.o
 .text          0x0000000000000000        0x0 asm/macros.o
 .data          0x0000000000000000        0x0 asm/macros.o
 .bss           0x0000000000000000        0x0 asm/macros.o
 .ARM.attributes
                0x0000000000000000       0x20 asm/macros.o
 .text          0x0000000000000000        0x0 asm/ram.o
 .data          0x0000000000000000        0x0 asm/ram.o
 .bss           0x0000000000000000        0x0 asm/ram.o
 .ARM.attributes
                0x0000000000000000       0x20 asm/ram.o
 .text          0x0000000000000000       0xc0 asm/rom_header.o
 .data          0x0000000000000000        0x0 asm/rom_header.o
 .bss           0x0000000000000000        0x0 asm/rom_header.o
 .ARM.attributes
                0x0000000000000000       0x20 asm/rom_header.o

Memory Configuration

Name             Origin             Length             Attributes
*default*        0x0000000000000000 0xffffffffffffffff

Linker script and memory map

                0x0000000002000000                . = 0x2000000

ewram           0x0000000002000000    0x40000
                0x0000000002000000                gHeap = .
                0x0000000000020000                . = 0x20000
 *fill*         0x0000000002000000    0x20000 
                0x0000000002020000                gUnknown_02020000 = .
                0x0000000002032b80                . = (. + 0x12b80)
 *fill*         0x0000000002020000    0x12b80 
                0x0000000002032b80                . = ALIGN (0x4)
 src/mgb_save.o(ewram_data)
 ewram_data     0x0000000002032b80      0xbe8 src/mgb_save.o
                0x0000000002032b80                gUserInfoSaveData
                0x0000000000040000                . = 0x40000
 *fill*         0x0000000002033768     0xc898 
                0x0000000003000000                . = 0x3000000

iwram           0x0000000003000000     0x8000
                0x0000000003000000                gUnknown_03000000 = .
                0x00000000030023c4                . = (. + 0x23c4)
 *fill*         0x0000000003000000     0x23c4 
                0x00000000030023c4                . = ALIGN (0x4)
 src/mgb_unk1.o(.bss)
 .bss           0x00000000030023c4        0xc src/mgb_unk1.o
                0x00000000030023c4                gUserGhostSaveData
                0x0000000000008000                . = 0x8000
 *fill*         0x00000000030023d0     0x5c30 
                0x0000000008000000                . = 0x8000000

.text           0x0000000008000000   0x400000
 asm/crt0.o(.text)
 .text          0x0000000008000000      0x1d8 asm/crt0.o
                0x00000000080000c0                Init
                0x00000000080000fc                InterruptMain
 asm/mka0.o(.text)
 .text          0x00000000080001d8     0x1728 asm/mka0.o
                0x00000000080001d8                _entryPoint
                0x0000000008000350                sub_08000350
                0x0000000008000708                sub_08000708
                0x00000000080008b0                sub_080008b0
                0x0000000008000a40                sub_08000a40
                0x0000000008000e78                sub_08000e78
                0x000000000800106c                sub_0800106c
 asm/mobile_adapter_gb_intro.o(.text)
 .text          0x0000000008001900      0x14c asm/mobile_adapter_gb_intro.o
                0x0000000008001900                _ShowMGBIntro
 asm/mka1.o(.text)
 .text          0x0000000008001a4c    0x25190 asm/mka1.o
                0x0000000008001a4c                sub_08001a4c
                0x0000000008001a78                sub_08001a78
                0x0000000008001b54                sub_08001b54
                0x0000000008001c00                sub_08001c00
                0x0000000008001c9c                sub_08001c9c
                0x0000000008001d68                sub_08001d68
                0x0000000008001dd0                sub_08001dd0
                0x0000000008001fb4                sub_08001fb4
                0x00000000080021c0                sub_080021c0
                0x0000000008002b5c                sub_08002b5c
                0x0000000008002c18                sub_08002c18
                0x0000000008002c24                sub_08002c24
                0x0000000008002c30                sub_08002c30
                0x0000000008002c5c                sub_08002c5c
                0x0000000008002c68                sub_08002c68
                0x0000000008002c7c                sub_08002c7c
                0x0000000008002cd4                sub_08002cd4
                0x0000000008002ce4                sub_08002ce4
                0x0000000008002d3c                sub_08002d3c
                0x0000000008002dfc                sub_08002dfc
                0x0000000008002e44                sub_08002e44
                0x0000000008002e8c                sub_08002e8c
                0x0000000008002e98                sub_08002e98
                0x0000000008003170                sub_08003170
                0x00000000080036d8                sub_080036d8
                0x00000000080038ac                sub_080038ac
                0x0000000008003924                sub_08003924
                0x000000000800393c                sub_0800393c
                0x0000000008003bac                sub_08003bac
                0x0000000008003fc4                sub_08003fc4
                0x0000000008004094                sub_08004094
                0x0000000008004174                sub_08004174
                0x00000000080042b8                sub_080042b8
                0x0000000008004410                sub_08004410
                0x0000000008004578                sub_08004578
                0x0000000008004854                sub_08004854
                0x0000000008004902                sub_08004902
                0x0000000008005414                sub_08005414
                0x0000000008005590                sub_08005590
                0x00000000080058b0                sub_080058b0
                0x0000000008005c88                sub_08005c88
                0x0000000008005d84                sub_08005d84
                0x0000000008005ddc                sub_08005ddc
                0x0000000008005ed0                sub_08005ed0
                0x0000000008006084                sub_08006084
                0x00000000080064f0                sub_080064f0
                0x00000000080065a4                sub_080065a4
                0x000000000800675c                sub_0800675c
                0x0000000008006828                sub_08006828
                0x0000000008006a00                sub_08006a00
                0x0000000008006c34                sub_08006c34
                0x0000000008006d38                sub_08006d38
                0x0000000008006de0                sub_08006de0
                0x0000000008007110                sub_08007110
                0x0000000008007290                sub_08007290
                0x0000000008008486                sub_08008486
                0x00000000080085d8                sub_080085d8
                0x00000000080085e4                sub_080085e4
                0x0000000008008714                sub_08008714
                0x0000000008008828                sub_08008828
                0x0000000008008910                sub_08008910
                0x0000000008008b30                sub_08008b30
                0x0000000008008cec                sub_08008cec
                0x0000000008008de4                sub_08008de4
                0x0000000008008f7c                sub_08008f7c
                0x00000000080090fc                sub_080090fc
                0x0000000008009568                sub_08009568
                0x000000000800972c                sub_0800972c
                0x0000000008009970                sub_08009970
                0x0000000008009c5c                sub_08009c5c
                0x0000000008009f84                sub_08009f84
                0x000000000800a17c                sub_0800a17c
                0x000000000800a734                sub_0800a734
                0x000000000800a824                sub_0800a824
                0x000000000800a8c8                sub_0800a8c8
                0x000000000800af6c                sub_0800af6c
                0x000000000800b232                sub_0800b232
                0x000000000800c3c6                sub_0800c3c6
                0x000000000800c674                sub_0800c674
                0x000000000800c72c                sub_0800c72c
                0x000000000800c94c                sub_0800c94c
                0x000000000800ca28                sub_0800ca28
                0x000000000800cae0                sub_0800cae0
                0x000000000800cca0                sub_0800cca0
                0x000000000800ce74                sub_0800ce74
                0x000000000800d34c                sub_0800d34c
                0x000000000800d41c                sub_0800d41c
                0x000000000800d544                sub_0800d544
                0x000000000800d6b4                sub_0800d6b4
                0x000000000800d758                sub_0800d758
                0x000000000800e080                sub_0800e080
                0x000000000800e3f0                sub_0800e3f0
                0x000000000800e468                sub_0800e468
                0x000000000800e4ec                sub_0800e4ec
                0x000000000800e578                sub_0800e578
                0x000000000800e5c0                sub_0800e5c0
                0x000000000800e620                sub_0800e620
                0x000000000800e6b8                sub_0800e6b8
                0x000000000800e704                sub_0800e704
                0x000000000800e77c                sub_0800e77c
                0x000000000800e9c0                sub_0800e9c0
                0x000000000800ebec                sub_0800ebec
                0x000000000800ebfc                sub_0800ebfc
                0x000000000800ec10                sub_0800ec10
                0x000000000800ec28                sub_0800ec28
                0x000000000800ec30                sub_0800ec30
                0x000000000800ec38                sub_0800ec38
                0x000000000800ec40                sub_0800ec40
                0x000000000800ec48                sub_0800ec48
                0x000000000800ecc8                sub_0800ecc8
                0x000000000800ef8c                sub_0800ef8c
                0x000000000800f124                sub_0800f124
                0x000000000800f214                sub_0800f214
                0x000000000800f344                sub_0800f344
                0x000000000800f464                sub_0800f464
                0x000000000800f674                sub_0800f674
                0x000000000800f930                sub_0800f930
                0x000000000800fafc                sub_0800fafc
                0x000000000800fdd2                sub_0800fdd2
                0x0000000008010d50                sub_08010d50
                0x0000000008010dc4                sub_08010dc4
                0x0000000008011010                sub_08011010
                0x0000000008011040                sub_08011040
                0x0000000008011094                sub_08011094
                0x0000000008011108                sub_08011108
                0x0000000008011140                sub_08011140
                0x000000000801165c                sub_0801165c
                0x00000000080116d4                sub_080116d4
                0x0000000008011728                sub_08011728
                0x000000000801185c                sub_0801185c
                0x0000000008011978                sub_08011978
                0x00000000080119b4                sub_080119b4
                0x00000000080119c4                sub_080119c4
                0x0000000008011a0c                sub_08011a0c
                0x0000000008011af0                sub_08011af0
                0x0000000008011c0c                sub_08011c0c
                0x0000000008011cdc                sub_08011cdc
                0x00000000080127d8                sub_080127d8
                0x00000000080128e4                sub_080128e4
                0x00000000080129dc                sub_080129dc
                0x00000000080139bc                sub_080139bc
                0x0000000008013a0c                sub_08013a0c
                0x0000000008013a60                sub_08013a60
                0x0000000008013a68                sub_08013a68
                0x0000000008013ad4                sub_08013ad4
                0x0000000008013b44                sub_08013b44
                0x0000000008013d0c                sub_08013d0c
                0x0000000008013e10                sub_08013e10
                0x0000000008013e24                sub_08013e24
                0x0000000008013e3c                sub_08013e3c
                0x0000000008013e9c                sub_08013e9c
                0x0000000008013ec0                sub_08013ec0
                0x00000000080140ec                sub_080140ec
                0x0000000008014290                sub_08014290
                0x00000000080143ec                sub_080143ec
                0x00000000080146dc                sub_080146dc
                0x0000000008014774                sub_08014774
                0x0000000008014ca8                sub_08014ca8
                0x0000000008014ccc                sub_08014ccc
                0x0000000008014d14                sub_08014d14
                0x0000000008014d38                sub_08014d38
                0x0000000008014d5c                sub_08014d5c
                0x0000000008014d70                sub_08014d70
                0x00000000080162e4                sub_080162e4
                0x00000000080165d8                sub_080165d8
                0x00000000080167d0                sub_080167d0
                0x0000000008016968                sub_08016968
                0x0000000008016a1c                sub_08016a1c
                0x0000000008016a88                sub_08016a88
                0x0000000008016acc                sub_08016acc
                0x0000000008016b1c                sub_08016b1c
                0x0000000008016bb0                sub_08016bb0
                0x00000000080180d4                sub_080180d4
                0x00000000080196fa                sub_080196fa
                0x000000000801987c                sub_0801987c
                0x000000000801ab48                sub_0801ab48
                0x000000000801b408                sub_0801b408
                0x000000000801b4cc                sub_0801b4cc
                0x000000000801bfe4                sub_0801bfe4
                0x000000000801ccf0                sub_0801ccf0
                0x000000000801ce24                sub_0801ce24
                0x000000000801ce88                sub_0801ce88
                0x000000000801cf68                sub_0801cf68
                0x000000000801d198                sub_0801d198
                0x000000000801d360                sub_0801d360
                0x000000000801e042                sub_0801e042
                0x000000000801e16c                sub_0801e16c
                0x000000000801e1e8                sub_0801e1e8
                0x000000000801e2c0                sub_0801e2c0
                0x000000000801e394                sub_0801e394
                0x000000000801e5a4                sub_0801e5a4
                0x000000000801e700                sub_0801e700
                0x000000000801f434                sub_0801f434
                0x000000000801f568                sub_0801f568
                0x000000000801f5e8                sub_0801f5e8
                0x0000000008020558                sub_08020558
                0x00000000080205cc                sub_080205cc
                0x0000000008020698                sub_08020698
                0x00000000080207c8                sub_080207c8
                0x00000000080209a8                sub_080209a8
                0x0000000008020a74                sub_08020a74
                0x0000000008020bc4                sub_08020bc4
                0x0000000008020ca4                sub_08020ca4
                0x0000000008023020                sub_08023020
                0x0000000008023270                sub_08023270
                0x0000000008023530                sub_08023530
                0x00000000080237d4                sub_080237d4
                0x0000000008025748                sub_08025748
                0x00000000080257a8                sub_080257a8
                0x0000000008025a98                sub_08025a98
                0x0000000008025b70                sub_08025b70
                0x00000000080262f4                sub_080262f4
                0x000000000802667c                sub_0802667c
                0x00000000080269a4                sub_080269a4
                0x0000000008026a78                sub_08026a78
                0x0000000008026b7c                sub_08026b7c
                0x0000000008026ba4                sub_08026ba4
 asm/main.o(.text)
 .text          0x0000000008026bdc      0x1e0 asm/main.o
                0x0000000008026bdc                _AgbMain
 asm/mka2.o(.text)
 .text          0x0000000008026dbc      0x360 asm/mka2.o
                0x0000000008026dbc                sub_08026dbc
                0x0000000008026e98                sub_08026e98
                0x0000000008026f58                sub_08026f58
                0x0000000008026f7c                sub_08026f7c
                0x0000000008026fa0                sub_08026fa0
                0x0000000008026fec                sub_08026fec
                0x0000000008027014                sub_08027014
                0x000000000802703c                sub_0802703c
                0x0000000008027060                sub_08027060
                0x0000000008027098                sub_08027098
                0x00000000080270d0                sub_080270d0
                0x0000000008027104                sub_08027104
 asm/game.o(.text)
 .text          0x000000000802711c       0x2c asm/game.o
                0x000000000802711c                _UpdateGame
 asm/mka3.o(.text)
 .text          0x0000000008027148    0x30790 asm/mka3.o
                0x0000000008027148                sub_08027148
                0x0000000008027158                sub_08027158
                0x0000000008027188                sub_08027188
                0x00000000080271b0                sub_080271b0
                0x00000000080271b8                sub_080271b8
                0x0000000008027208                sub_08027208
                0x0000000008027264                sub_08027264
                0x000000000802732c                sub_0802732c
                0x000000000802765c                sub_0802765c
                0x0000000008027730                sub_08027730
                0x0000000008027744                sub_08027744
                0x0000000008027788                sub_08027788
                0x00000000080277b4                sub_080277b4
                0x00000000080277f0                sub_080277f0
                0x0000000008027a08                sub_08027a08
                0x0000000008027b10                sub_08027b10
                0x0000000008027bd4                sub_08027bd4
                0x0000000008027cc4                sub_08027cc4
                0x0000000008027da8                sub_08027da8
                0x0000000008027ee4                sub_08027ee4
                0x0000000008027fdc                sub_08027fdc
                0x0000000008028048                sub_08028048
                0x00000000080280c4                sub_080280c4
                0x0000000008028130                sub_08028130
                0x000000000802813c                sub_0802813c
                0x0000000008028168                sub_08028168
                0x0000000008028174                sub_08028174
                0x00000000080281a4                sub_080281a4
                0x00000000080281b0                sub_080281b0
                0x00000000080281c4                sub_080281c4
                0x00000000080281d4                sub_080281d4
                0x00000000080281fc                sub_080281fc
                0x0000000008028210                sub_08028210
                0x0000000008028278                sub_08028278
                0x00000000080285ec                sub_080285ec
                0x0000000008028738                sub_08028738
                0x0000000008028764                sub_08028764
                0x00000000080287a0                sub_080287a0
                0x00000000080287a8                sub_080287a8
                0x00000000080287c8                sub_080287c8
                0x00000000080287e0                sub_080287e0
                0x0000000008028848                sub_08028848
                0x0000000008028878                sub_08028878
                0x0000000008028880                sub_08028880
                0x0000000008028890                sub_08028890
                0x0000000008028898                sub_08028898
                0x00000000080288f8                sub_080288f8
                0x0000000008028914                sub_08028914
                0x0000000008028930                sub_08028930
                0x0000000008028988                sub_08028988
                0x0000000008028a3c                sub_08028a3c
                0x0000000008028c64                sub_08028c64
                0x0000000008028d24                sub_08028d24
                0x0000000008028f44                sub_08028f44
                0x0000000008029000                sub_08029000
                0x0000000008029024                sub_08029024
                0x0000000008029048                sub_08029048
                0x0000000008029050                sub_08029050
                0x00000000080290c0                sub_080290c0
                0x00000000080290f4                sub_080290f4
                0x0000000008029108                sub_08029108
                0x000000000802911c                sub_0802911c
                0x0000000008029138                sub_08029138
                0x0000000008029174                sub_08029174
                0x00000000080291bc                sub_080291bc
                0x000000000802951c                sub_0802951c
                0x0000000008029748                sub_08029748
                0x00000000080297c8                sub_080297c8
                0x000000000802983c                sub_0802983c
                0x0000000008029894                sub_08029894
                0x00000000080298f8                sub_080298f8
                0x0000000008029924                sub_08029924
                0x000000000802994c                sub_0802994c
                0x0000000008029958                sub_08029958
                0x00000000080299c0                sub_080299c0
                0x0000000008029a30                sub_08029a30
                0x0000000008029a90                sub_08029a90
                0x0000000008029b04                sub_08029b04
                0x0000000008029ca8                sub_08029ca8
                0x0000000008029d24                sub_08029d24
                0x0000000008029d90                sub_08029d90
                0x0000000008029da8                sub_08029da8
                0x0000000008029e9c                sub_08029e9c
                0x0000000008029ec0                sub_08029ec0
                0x0000000008029ee4                sub_08029ee4
                0x0000000008029f34                sub_08029f34
                0x0000000008029f58                sub_08029f58
                0x0000000008029f98                sub_08029f98
                0x0000000008029fcc                sub_08029fcc
                0x000000000802a04c                sub_0802a04c
                0x000000000802a060                sub_0802a060
                0x000000000802a0a4                sub_0802a0a4
                0x000000000802a130                sub_0802a130
                0x000000000802a18c                sub_0802a18c
                0x000000000802a238                sub_0802a238
                0x000000000802a274                sub_0802a274
                0x000000000802a2e0                sub_0802a2e0
                0x000000000802a300                sub_0802a300
                0x000000000802a30c                sub_0802a30c
                0x000000000802a33c                sub_0802a33c
                0x000000000802a418                sub_0802a418
                0x000000000802a4b0                sub_0802a4b0
                0x000000000802a5fc                sub_0802a5fc
                0x000000000802a73c                sub_0802a73c
                0x000000000802a95c                sub_0802a95c
                0x000000000802a960                sub_0802a960
                0x000000000802a980                sub_0802a980
                0x000000000802a990                sub_0802a990
                0x000000000802a9a0                sub_0802a9a0
                0x000000000802a9b0                sub_0802a9b0
                0x000000000802a9cc                sub_0802a9cc
                0x000000000802a9e8                sub_0802a9e8
                0x000000000802aa20                sub_0802aa20
                0x000000000802aa34                sub_0802aa34
                0x000000000802aa88                sub_0802aa88
                0x000000000802aaec                sub_0802aaec
                0x000000000802ab38                sub_0802ab38
                0x000000000802ab4c                sub_0802ab4c
                0x000000000802ab54                sub_0802ab54
                0x000000000802ab64                sub_0802ab64
                0x000000000802ac00                sub_0802ac00
                0x000000000802acb4                sub_0802acb4
                0x000000000802addc                sub_0802addc
                0x000000000802ade8                sub_0802ade8
                0x000000000802ae74                sub_0802ae74
                0x000000000802aeb4                sub_0802aeb4
                0x000000000802af18                sub_0802af18
                0x000000000802af68                sub_0802af68
                0x000000000802b09c                sub_0802b09c
                0x000000000802b1c8                sub_0802b1c8
                0x000000000802b490                sub_0802b490
                0x000000000802b914                sub_0802b914
                0x000000000802b9d8                sub_0802b9d8
                0x000000000802ba9c                sub_0802ba9c
                0x000000000802bd20                sub_0802bd20
                0x000000000802bf28                sub_0802bf28
                0x000000000802bfb4                sub_0802bfb4
                0x000000000802c298                sub_0802c298
                0x000000000802c35c                sub_0802c35c
                0x000000000802c3d4                sub_0802c3d4
                0x000000000802c404                sub_0802c404
                0x000000000802c474                sub_0802c474
                0x000000000802c490                sub_0802c490
                0x000000000802c4b8                sub_0802c4b8
                0x000000000802c4bc                sub_0802c4bc
                0x000000000802c4e0                sub_0802c4e0
                0x000000000802c518                sub_0802c518
                0x000000000802c554                sub_0802c554
                0x000000000802c5a0                sub_0802c5a0
                0x000000000802c5d0                sub_0802c5d0
                0x000000000802c610                sub_0802c610
                0x000000000802c650                sub_0802c650
                0x000000000802c6c8                sub_0802c6c8
                0x000000000802c6d0                sub_0802c6d0
                0x000000000802c700                sub_0802c700
                0x000000000802c72c                sub_0802c72c
                0x000000000802c738                sub_0802c738
                0x000000000802c744                sub_0802c744
                0x000000000802c750                sub_0802c750
                0x000000000802c774                sub_0802c774
                0x000000000802c78c                sub_0802c78c
                0x000000000802c7a0                sub_0802c7a0
                0x000000000802c7d0                sub_0802c7d0
                0x000000000802c80c                sub_0802c80c
                0x000000000802c844                sub_0802c844
                0x000000000802c880                sub_0802c880
                0x000000000802c8b4                sub_0802c8b4
                0x000000000802c924                sub_0802c924
                0x000000000802c970                sub_0802c970
                0x000000000802c9bc                sub_0802c9bc
                0x000000000802cc20                sub_0802cc20
                0x000000000802cf84                sub_0802cf84
                0x000000000802d278                sub_0802d278
                0x000000000802d31c                sub_0802d31c
                0x000000000802d47c                sub_0802d47c
                0x000000000802d4ec                sub_0802d4ec
                0x000000000802d540                sub_0802d540
                0x000000000802d550                sub_0802d550
                0x000000000802d5ac                sub_0802d5ac
                0x000000000802d618                sub_0802d618
                0x000000000802d690                sub_0802d690
                0x000000000802d6a0                sub_0802d6a0
                0x000000000802d6c0                sub_0802d6c0
                0x000000000802d6d0                sub_0802d6d0
                0x000000000802d6e0                sub_0802d6e0
                0x000000000802d73c                sub_0802d73c
                0x000000000802d798                sub_0802d798
                0x000000000802d7f8                sub_0802d7f8
                0x000000000802d9f8                sub_0802d9f8
                0x000000000802db28                sub_0802db28
                0x000000000802dd08                sub_0802dd08
                0x000000000802e050                sub_0802e050
                0x000000000802e0c4                sub_0802e0c4
                0x000000000802ea44                sub_0802ea44
                0x000000000802ea8c                sub_0802ea8c
                0x000000000802eb90                sub_0802eb90
                0x000000000802f088                sub_0802f088
                0x000000000802f0fc                sub_0802f0fc
                0x000000000802f13c                sub_0802f13c
                0x000000000802f1b4                sub_0802f1b4
                0x000000000802f2cc                sub_0802f2cc
                0x000000000802f62c                sub_0802f62c
                0x000000000802f7d8                sub_0802f7d8
                0x000000000802f824                sub_0802f824
                0x0000000008030b4c                sub_08030b4c
                0x0000000008030c4c                sub_08030c4c
                0x0000000008030c80                sub_08030c80
                0x00000000080312c8                sub_080312c8
                0x00000000080313e0                sub_080313e0
                0x0000000008031510                sub_08031510
                0x0000000008031594                sub_08031594
                0x0000000008031614                sub_08031614
                0x00000000080317c0                sub_080317c0
                0x0000000008031850                sub_08031850
                0x0000000008031abc                sub_08031abc
                0x0000000008031ce4                sub_08031ce4
                0x0000000008031d7c                sub_08031d7c
                0x00000000080324ec                sub_080324ec
                0x00000000080325e0                sub_080325e0
                0x00000000080326d8                sub_080326d8
                0x0000000008032918                sub_08032918
                0x0000000008033168                sub_08033168
                0x0000000008033174                sub_08033174
                0x000000000803330c                sub_0803330c
                0x0000000008033378                sub_08033378
                0x000000000803361c                sub_0803361c
                0x0000000008034394                sub_08034394
                0x0000000008034898                sub_08034898
                0x0000000008034938                sub_08034938
                0x0000000008034a40                sub_08034a40
                0x0000000008034b38                sub_08034b38
                0x0000000008034cdc                sub_08034cdc
                0x0000000008034f78                sub_08034f78
                0x00000000080351e0                sub_080351e0
                0x00000000080353b4                sub_080353b4
                0x00000000080354c0                sub_080354c0
                0x0000000008035570                sub_08035570
                0x0000000008035628                sub_08035628
                0x00000000080356ac                sub_080356ac
                0x000000000803574c                sub_0803574c
                0x000000000803595c                sub_0803595c
                0x0000000008035bc4                sub_08035bc4
                0x0000000008035d4c                sub_08035d4c
                0x0000000008035e4c                sub_08035e4c
                0x0000000008035ec8                sub_08035ec8
                0x0000000008036254                sub_08036254
                0x0000000008036330                sub_08036330
                0x0000000008036480                sub_08036480
                0x00000000080365ec                sub_080365ec
                0x0000000008036688                sub_08036688
                0x0000000008036758                sub_08036758
                0x0000000008036a14                sub_08036a14
                0x0000000008036b84                sub_08036b84
                0x0000000008036c1c                sub_08036c1c
                0x0000000008036d30                sub_08036d30
                0x0000000008036e88                sub_08036e88
                0x0000000008036eec                sub_08036eec
                0x00000000080370b4                sub_080370b4
                0x0000000008037120                sub_08037120
                0x0000000008037160                sub_08037160
                0x0000000008037220                sub_08037220
                0x000000000803725c                sub_0803725c
                0x0000000008037274                sub_08037274
                0x00000000080372c0                sub_080372c0
                0x0000000008037310                sub_08037310
                0x0000000008037340                sub_08037340
                0x0000000008037358                sub_08037358
                0x0000000008037380                sub_08037380
                0x00000000080373bc                sub_080373bc
                0x00000000080373dc                sub_080373dc
                0x0000000008037420                sub_08037420
                0x000000000803743c                sub_0803743c
                0x000000000803745c                sub_0803745c
                0x00000000080374b0                sub_080374b0
                0x00000000080374c0                sub_080374c0
                0x00000000080374cc                sub_080374cc
                0x00000000080374f4                sub_080374f4
                0x00000000080376ac                sub_080376ac
                0x00000000080376f8                sub_080376f8
                0x0000000008037760                sub_08037760
                0x000000000803780c                sub_0803780c
                0x0000000008037918                sub_08037918
                0x0000000008037a58                sub_08037a58
                0x0000000008037ba8                sub_08037ba8
                0x0000000008037bfc                sub_08037bfc
                0x0000000008037c64                sub_08037c64
                0x0000000008037c8c                sub_08037c8c
                0x0000000008037cbc                sub_08037cbc
                0x0000000008037d74                sub_08037d74
                0x0000000008037e2c                sub_08037e2c
                0x0000000008037e98                sub_08037e98
                0x0000000008037fac                sub_08037fac
                0x0000000008038094                sub_08038094
                0x0000000008038168                sub_08038168
                0x00000000080381f8                sub_080381f8
                0x0000000008038334                sub_08038334
                0x0000000008038e34                sub_08038e34
                0x0000000008038e58                sub_08038e58
                0x000000000803905c                sub_0803905c
                0x00000000080391f4                sub_080391f4
                0x00000000080392d0                sub_080392d0
                0x0000000008039438                sub_08039438
                0x0000000008039604                sub_08039604
                0x00000000080396bc                sub_080396bc
                0x0000000008039784                sub_08039784
                0x00000000080398b8                sub_080398b8
                0x0000000008039980                sub_08039980
                0x0000000008039a60                sub_08039a60
                0x0000000008039b28                sub_08039b28
                0x0000000008039f70                sub_08039f70
                0x000000000803a13c                sub_0803a13c
                0x000000000803a210                sub_0803a210
                0x000000000803a75c                sub_0803a75c
                0x000000000803a7cc                sub_0803a7cc
                0x000000000803a880                sub_0803a880
                0x000000000803a92c                sub_0803a92c
                0x000000000803a9e0                sub_0803a9e0
                0x000000000803ab38                sub_0803ab38
                0x000000000803abc4                sub_0803abc4
                0x000000000803ac38                sub_0803ac38
                0x000000000803b0f8                sub_0803b0f8
                0x000000000803b2b0                sub_0803b2b0
                0x000000000803b3c4                sub_0803b3c4
                0x000000000803b404                sub_0803b404
                0x000000000803b90c                sub_0803b90c
                0x000000000803b9f8                sub_0803b9f8
                0x000000000803baf8                sub_0803baf8
                0x000000000803bbe8                sub_0803bbe8
                0x000000000803be48                sub_0803be48
                0x000000000803c190                sub_0803c190
                0x000000000803c41c                sub_0803c41c
                0x000000000803c4d8                sub_0803c4d8
                0x000000000803c7d4                sub_0803c7d4
                0x000000000803c9bc                sub_0803c9bc
                0x000000000803c9f0                sub_0803c9f0
                0x000000000803ca24                sub_0803ca24
                0x000000000803ca58                sub_0803ca58
                0x000000000803cae0                sub_0803cae0
                0x000000000803ccc8                sub_0803ccc8
                0x000000000803cd04                sub_0803cd04
                0x000000000803cd38                sub_0803cd38
                0x000000000803cd6c                sub_0803cd6c
                0x000000000803cddc                sub_0803cddc
                0x000000000803ce18                sub_0803ce18
                0x000000000803ce54                sub_0803ce54
                0x000000000803cecc                sub_0803cecc
                0x000000000803cf08                sub_0803cf08
                0x000000000803cfbc                sub_0803cfbc
                0x000000000803d0e4                sub_0803d0e4
                0x000000000803d0fc                sub_0803d0fc
                0x000000000803d180                sub_0803d180
                0x000000000803d190                sub_0803d190
                0x000000000803d1c8                sub_0803d1c8
                0x000000000803d224                sub_0803d224
                0x000000000803d234                sub_0803d234
                0x000000000803d254                sub_0803d254
                0x000000000803d290                sub_0803d290
                0x000000000803d3f0                sub_0803d3f0
                0x000000000803d5a4                sub_0803d5a4
                0x000000000803d7dc                sub_0803d7dc
                0x000000000803da1c                sub_0803da1c
                0x000000000803dab8                sub_0803dab8
                0x000000000803dc3c                sub_0803dc3c
                0x000000000803dd78                sub_0803dd78
                0x000000000803de50                sub_0803de50
                0x000000000803dfc0                sub_0803dfc0
                0x000000000803e0f0                sub_0803e0f0
                0x000000000803e208                sub_0803e208
                0x000000000803e314                sub_0803e314
                0x000000000803e3e0                sub_0803e3e0
                0x000000000803e4a0                sub_0803e4a0
                0x000000000803e594                sub_0803e594
                0x000000000803e6f4                sub_0803e6f4
                0x000000000803e740                sub_0803e740
                0x000000000803ed6c                sub_0803ed6c
                0x000000000803f430                sub_0803f430
                0x000000000803f60c                sub_0803f60c
                0x000000000803f7f0                sub_0803f7f0
                0x000000000803fcb4                sub_0803fcb4
                0x000000000803ff7c                sub_0803ff7c
                0x0000000008040160                sub_08040160
                0x00000000080407d8                sub_080407d8
                0x0000000008040950                sub_08040950
                0x00000000080409e8                sub_080409e8
                0x0000000008040bcc                sub_08040bcc
                0x0000000008040cb8                sub_08040cb8
                0x0000000008040d5c                sub_08040d5c
                0x0000000008040df0                sub_08040df0
                0x0000000008040ec0                sub_08040ec0
                0x0000000008040f54                sub_08040f54
                0x0000000008041024                sub_08041024
                0x00000000080410b8                sub_080410b8
                0x0000000008041100                sub_08041100
                0x0000000008041154                sub_08041154
                0x0000000008041184                sub_08041184
                0x00000000080411b4                sub_080411b4
                0x00000000080411fc                sub_080411fc
                0x0000000008041278                sub_08041278
                0x00000000080412bc                sub_080412bc
                0x0000000008041310                sub_08041310
                0x00000000080413d4                sub_080413d4
                0x00000000080414a0                sub_080414a0
                0x0000000008041620                sub_08041620
                0x00000000080417dc                sub_080417dc
                0x0000000008041910                sub_08041910
                0x0000000008041a48                sub_08041a48
                0x0000000008041a84                sub_08041a84
                0x0000000008041b28                sub_08041b28
                0x0000000008041b2c                sub_08041b2c
                0x0000000008041bc0                sub_08041bc0
                0x0000000008041bf8                sub_08041bf8
                0x0000000008041c88                sub_08041c88
                0x0000000008041cac                sub_08041cac
                0x0000000008041cd4                sub_08041cd4
                0x0000000008041d04                sub_08041d04
                0x0000000008041d34                sub_08041d34
                0x0000000008041d64                sub_08041d64
                0x0000000008041d94                sub_08041d94
                0x0000000008041ed4                sub_08041ed4
                0x0000000008041fd0                sub_08041fd0
                0x0000000008042088                sub_08042088
                0x00000000080421d8                sub_080421d8
                0x0000000008042260                sub_08042260
                0x0000000008042620                sub_08042620
                0x0000000008042668                sub_08042668
                0x0000000008042738                sub_08042738
                0x0000000008043048                sub_08043048
                0x0000000008043180                sub_08043180
                0x0000000008043244                sub_08043244
                0x00000000080434fc                sub_080434fc
                0x0000000008043768                sub_08043768
                0x0000000008043ec8                sub_08043ec8
                0x0000000008044164                sub_08044164
                0x00000000080441f8                sub_080441f8
                0x0000000008044268                sub_08044268
                0x00000000080446c0                sub_080446c0
                0x00000000080447c8                sub_080447c8
                0x00000000080447f4                sub_080447f4
                0x0000000008044818                sub_08044818
                0x0000000008044894                sub_08044894
                0x00000000080448a8                sub_080448a8
                0x00000000080448bc                sub_080448bc
                0x00000000080448d0                sub_080448d0
                0x00000000080448e4                sub_080448e4
                0x00000000080448fc                sub_080448fc
                0x0000000008044934                sub_08044934
                0x00000000080449a4                sub_080449a4
                0x00000000080449d8                sub_080449d8
                0x0000000008044afc                sub_08044afc
                0x0000000008044b8c                sub_08044b8c
                0x0000000008044c0c                sub_08044c0c
                0x0000000008044c78                sub_08044c78
                0x0000000008044d08                sub_08044d08
                0x0000000008044e7c                sub_08044e7c
                0x00000000080459d0                sub_080459d0
                0x00000000080459f0                sub_080459f0
                0x0000000008045a68                sub_08045a68
                0x0000000008045a9c                sub_08045a9c
                0x0000000008045aec                sub_08045aec
                0x0000000008045bf4                sub_08045bf4
                0x0000000008045d4c                sub_08045d4c
                0x0000000008046668                sub_08046668
                0x00000000080466c4                sub_080466c4
                0x0000000008046734                sub_08046734
                0x0000000008046cdc                sub_08046cdc
                0x0000000008046d7c                sub_08046d7c
                0x0000000008046df4                sub_08046df4
                0x0000000008046e50                sub_08046e50
                0x00000000080470d8                sub_080470d8
                0x0000000008047294                sub_08047294
                0x00000000080472e8                sub_080472e8
                0x000000000804741c                sub_0804741c
                0x0000000008047590                sub_08047590
                0x000000000804764c                sub_0804764c
                0x0000000008047738                sub_08047738
                0x00000000080478a4                sub_080478a4
                0x0000000008047ae0                sub_08047ae0
                0x0000000008047d34                sub_08047d34
                0x0000000008047e68                sub_08047e68
                0x0000000008048188                sub_08048188
                0x000000000804825c                sub_0804825c
                0x00000000080482e4                sub_080482e4
                0x00000000080483a8                sub_080483a8
                0x0000000008048430                sub_08048430
                0x00000000080485cc                sub_080485cc
                0x0000000008048748                sub_08048748
                0x0000000008048958                sub_08048958
                0x0000000008048a14                sub_08048a14
                0x0000000008048a34                sub_08048a34
                0x0000000008048a48                sub_08048a48
                0x0000000008048ac4                sub_08048ac4
                0x0000000008048af8                sub_08048af8
                0x0000000008048b28                sub_08048b28
                0x0000000008048b44                sub_08048b44
                0x0000000008048b94                sub_08048b94
                0x0000000008048bcc                sub_08048bcc
                0x0000000008048c5c                sub_08048c5c
                0x0000000008048c8c                sub_08048c8c
                0x0000000008048cdc                sub_08048cdc
                0x0000000008048d30                sub_08048d30
                0x0000000008048d90                sub_08048d90
                0x0000000008048dc4                sub_08048dc4
                0x0000000008048e4c                sub_08048e4c
                0x0000000008048eb8                sub_08048eb8
                0x0000000008048eec                sub_08048eec
                0x0000000008048fdc                sub_08048fdc
                0x0000000008049068                sub_08049068
                0x00000000080490ac                sub_080490ac
                0x0000000008049108                sub_08049108
                0x0000000008049164                sub_08049164
                0x00000000080491c0                sub_080491c0
                0x00000000080491dc                sub_080491dc
                0x0000000008049214                sub_08049214
                0x0000000008049258                sub_08049258
                0x0000000008049274                sub_08049274
                0x00000000080492dc                sub_080492dc
                0x0000000008049338                sub_08049338
                0x000000000804939c                sub_0804939c
                0x0000000008049414                sub_08049414
                0x0000000008049498                sub_08049498
                0x000000000804952c                sub_0804952c
                0x000000000804a200                sub_0804a200
                0x000000000804a218                sub_0804a218
                0x000000000804a254                sub_0804a254
                0x000000000804a28c                sub_0804a28c
                0x000000000804a2ec                sub_0804a2ec
                0x000000000804a34c                sub_0804a34c
                0x000000000804a3ac                sub_0804a3ac
                0x000000000804a400                sub_0804a400
                0x000000000804a44c                sub_0804a44c
                0x000000000804a49c                sub_0804a49c
                0x000000000804a92c                sub_0804a92c
                0x000000000804a9cc                sub_0804a9cc
                0x000000000804ae68                sub_0804ae68
                0x000000000804af0c                sub_0804af0c
                0x000000000804af74                sub_0804af74
                0x000000000804b034                sub_0804b034
                0x000000000804b958                sub_0804b958
                0x000000000804b9f4                sub_0804b9f4
                0x000000000804ba88                sub_0804ba88
                0x000000000804baa8                sub_0804baa8
                0x000000000804bb3c                sub_0804bb3c
                0x000000000804bbe8                sub_0804bbe8
                0x000000000804bc44                sub_0804bc44
                0x000000000804bc78                sub_0804bc78
                0x000000000804bdb0                sub_0804bdb0
                0x000000000804bea0                sub_0804bea0
                0x000000000804c02c                sub_0804c02c
                0x000000000804c1b4                sub_0804c1b4
                0x000000000804c420                sub_0804c420
                0x000000000804c8e4                sub_0804c8e4
                0x000000000804cacc                sub_0804cacc
                0x000000000804cb10                sub_0804cb10
                0x000000000804cbe8                sub_0804cbe8
                0x000000000804cca4                sub_0804cca4
                0x000000000804ce2c                sub_0804ce2c
                0x000000000804d72c                sub_0804d72c
                0x000000000804d73c                sub_0804d73c
                0x000000000804d74e                sub_0804d74e
                0x000000000804d764                sub_0804d764
                0x000000000804d78c                sub_0804d78c
                0x000000000804d8bc                sub_0804d8bc
                0x000000000804f51c                sub_0804f51c
                0x000000000804f588                sub_0804f588
                0x000000000804f5f4                sub_0804f5f4
                0x000000000804f660                sub_0804f660
                0x000000000804f6cc                sub_0804f6cc
                0x000000000804f738                sub_0804f738
                0x000000000804f824                sub_0804f824
                0x000000000804f988                sub_0804f988
                0x000000000804fb38                sub_0804fb38
                0x000000000804fb64                sub_0804fb64
                0x000000000804fce4                sub_0804fce4
                0x000000000804fd9c                sub_0804fd9c
                0x000000000804fe08                sub_0804fe08
                0x0000000008050114                sub_08050114
                0x0000000008050160                sub_08050160
                0x0000000008050210                sub_08050210
                0x00000000080502d0                sub_080502d0
                0x00000000080502f0                sub_080502f0
                0x0000000008050364                sub_08050364
                0x00000000080503d8                sub_080503d8
                0x00000000080505c8                sub_080505c8
                0x0000000008050638                sub_08050638
                0x00000000080508b0                sub_080508b0
                0x0000000008050928                sub_08050928
                0x0000000008050a3c                sub_08050a3c
                0x0000000008050a80                sub_08050a80
                0x0000000008050bf0                sub_08050bf0
                0x0000000008050c6c                sub_08050c6c
                0x0000000008050cac                sub_08050cac
                0x0000000008050d2c                sub_08050d2c
                0x0000000008050f5c                sub_08050f5c
                0x00000000080511d0                sub_080511d0
                0x0000000008051244                sub_08051244
                0x00000000080514cc                sub_080514cc
                0x00000000080515a8                sub_080515a8
                0x00000000080517f0                sub_080517f0
                0x0000000008051ab4                sub_08051ab4
                0x0000000008051dd0                sub_08051dd0
                0x0000000008051e48                sub_08051e48
                0x0000000008051ebc                sub_08051ebc
                0x0000000008052054                sub_08052054
                0x0000000008052150                sub_08052150
                0x0000000008052274                sub_08052274
                0x00000000080522f4                sub_080522f4
                0x000000000805243c                sub_0805243c
                0x0000000008052478                sub_08052478
                0x0000000008052514                sub_08052514
                0x0000000008052570                sub_08052570
                0x0000000008052664                sub_08052664
                0x000000000805270c                sub_0805270c
                0x00000000080527d0                sub_080527d0
                0x0000000008052878                sub_08052878
                0x00000000080529c4                sub_080529c4
                0x0000000008052a34                sub_08052a34
                0x0000000008052aa8                sub_08052aa8
                0x0000000008052b5c                sub_08052b5c
                0x0000000008052ca4                sub_08052ca4
                0x0000000008052d18                sub_08052d18
                0x00000000080530d0                sub_080530d0
                0x0000000008053138                sub_08053138
                0x00000000080531ec                sub_080531ec
                0x00000000080532f8                sub_080532f8
                0x00000000080533ac                sub_080533ac
                0x00000000080537c0                sub_080537c0
                0x00000000080537fc                sub_080537fc
                0x0000000008053848                sub_08053848
                0x000000000805395c                sub_0805395c
                0x00000000080539d0                sub_080539d0
                0x0000000008053a10                sub_08053a10
                0x0000000008053a50                sub_08053a50
                0x0000000008053a80                sub_08053a80
                0x0000000008053aac                sub_08053aac
                0x0000000008053ad8                sub_08053ad8
                0x0000000008053b04                sub_08053b04
                0x0000000008053b38                sub_08053b38
                0x0000000008053b64                sub_08053b64
                0x0000000008053b94                sub_08053b94
                0x0000000008053bc4                sub_08053bc4
                0x0000000008053bf4                sub_08053bf4
                0x0000000008053c24                sub_08053c24
                0x0000000008053c54                sub_08053c54
                0x0000000008053c84                sub_08053c84
                0x0000000008053ca8                sub_08053ca8
                0x0000000008053cbc                sub_08053cbc
                0x0000000008053cd0                sub_08053cd0
                0x0000000008053d1c                sub_08053d1c
                0x0000000008053d4c                sub_08053d4c
                0x0000000008053d7c                sub_08053d7c
                0x0000000008053dac                sub_08053dac
                0x0000000008053ddc                sub_08053ddc
                0x0000000008053e24                sub_08053e24
                0x0000000008053e54                sub_08053e54
                0x0000000008053e84                sub_08053e84
                0x0000000008053eb4                sub_08053eb4
                0x0000000008053ee4                sub_08053ee4
                0x0000000008053f10                sub_08053f10
                0x0000000008053f3c                sub_08053f3c
                0x0000000008053f6c                sub_08053f6c
                0x0000000008053fa0                sub_08053fa0
                0x000000000805405c                sub_0805405c
                0x0000000008054108                sub_08054108
                0x0000000008054170                sub_08054170
                0x000000000805419c                sub_0805419c
                0x00000000080541d4                sub_080541d4
                0x00000000080543c0                sub_080543c0
                0x000000000805441c                sub_0805441c
                0x00000000080544a0                sub_080544a0
                0x0000000008054568                sub_08054568
                0x00000000080545d4                sub_080545d4
                0x0000000008054608                sub_08054608
                0x00000000080548b8                sub_080548b8
                0x00000000080548ec                sub_080548ec
                0x0000000008054930                sub_08054930
                0x0000000008054954                sub_08054954
                0x00000000080549d0                sub_080549d0
                0x0000000008054a2c                sub_08054a2c
                0x0000000008054ddc                sub_08054ddc
                0x0000000008054dfc                sub_08054dfc
                0x0000000008054e40                sub_08054e40
                0x0000000008054e58                sub_08054e58
                0x0000000008054e88                sub_08054e88
                0x0000000008054ed0                sub_08054ed0
                0x0000000008054f04                sub_08054f04
                0x0000000008054f68                sub_08054f68
                0x0000000008054fcc                sub_08054fcc
                0x0000000008055030                sub_08055030
                0x00000000080550f0                sub_080550f0
                0x0000000008055180                sub_08055180
                0x0000000008055408                sub_08055408
                0x0000000008055480                sub_08055480
                0x00000000080556e4                sub_080556e4
                0x000000000805572c                sub_0805572c
                0x0000000008055774                sub_08055774
                0x00000000080557e0                sub_080557e0
                0x0000000008055828                sub_08055828
                0x0000000008055928                sub_08055928
                0x0000000008055998                sub_08055998
                0x00000000080559cc                sub_080559cc
                0x0000000008055a00                sub_08055a00
                0x0000000008055a34                sub_08055a34
                0x0000000008055a68                sub_08055a68
                0x0000000008055abc                sub_08055abc
                0x0000000008055b4c                sub_08055b4c
                0x0000000008055c28                sub_08055c28
                0x0000000008055dbc                sub_08055dbc
                0x0000000008055df8                sub_08055df8
                0x0000000008055e88                sub_08055e88
                0x0000000008055f04                sub_08055f04
                0x0000000008055f78                sub_08055f78
                0x0000000008055fac                sub_08055fac
                0x0000000008056004                sub_08056004
                0x0000000008056030                sub_08056030
                0x00000000080560ac                sub_080560ac
                0x0000000008056354                sub_08056354
                0x0000000008056470                sub_08056470
                0x0000000008056600                sub_08056600
                0x0000000008056700                sub_08056700
                0x00000000080567ec                sub_080567ec
                0x000000000805688c                sub_0805688c
                0x0000000008056974                sub_08056974
                0x0000000008056a78                sub_08056a78
                0x0000000008056adc                sub_08056adc
                0x0000000008056cc8                sub_08056cc8
                0x0000000008057100                sub_08057100
                0x00000000080571c0                sub_080571c0
                0x0000000008057224                sub_08057224
                0x000000000805729c                sub_0805729c
                0x0000000008057300                sub_08057300
                0x0000000008057328                sub_08057328
                0x0000000008057370                sub_08057370
                0x0000000008057378                sub_08057378
                0x0000000008057388                sub_08057388
                0x00000000080573d8                sub_080573d8
                0x0000000008057428                sub_08057428
                0x00000000080574a4                sub_080574a4
                0x00000000080574f0                sub_080574f0
                0x00000000080575ac                sub_080575ac
                0x00000000080575e8                sub_080575e8
                0x0000000008057620                sub_08057620
                0x0000000008057654                sub_08057654
                0x0000000008057688                sub_08057688
                0x000000000805768c                sub_0805768c
                0x00000000080577f8                sub_080577f8
                0x0000000008057828                sub_08057828
                0x0000000008057850                sub_08057850
                0x0000000008057878                sub_08057878
                0x00000000080578a0                sub_080578a0
 src/mgb_save.o(.text)
 .text          0x00000000080578d8      0x3cc src/mgb_save.o
                0x00000000080578d8                sub_080578d8
                0x0000000008057900                getMgbUn2FromSave
                0x0000000008057930                setMgbUn2FromSave
                0x0000000008057950                getMgbNicknameFromSave
                0x0000000008057980                setMgbNicknameFromSave
                0x00000000080579a0                getMgbPasswordFromSave
                0x00000000080579d0                setMgbPasswordFromSave
                0x00000000080579f4                getMgbUnk4FromSave
                0x0000000008057a24                setMgbUnk4FromSave
                0x0000000008057a44                getMgbAddressFromSave
                0x0000000008057a78                setMgbAddressFromSave
                0x0000000008057a9c                getMgbZipcodeFromSave
                0x0000000008057ad0                setMgbZipcodeFromSave
                0x0000000008057af4                getMgbPrefectureIdFromSave
                0x0000000008057b14                setMgbPrefectureIdFromSave
                0x0000000008057b28                getMgbPhoneNumberFromSave
                0x0000000008057b5c                setMgbPhoneNumberFromSave
                0x0000000008057b80                getMgbRealNameFromSave
                0x0000000008057bb4                setMgbRealNameFromSave
                0x0000000008057bd8                getMgbUnk14FromSaveByOffset
                0x0000000008057c14                setMgbUnk14FromSaveByOffset
                0x0000000008057c3c                getMgbUnk1InUnk14FromSaveByOffset
                0x0000000008057c78                setMgbUnk1InUnk14FromSaveByOffset
 src/mgb_unk1.o(.text)
 .text          0x0000000008057ca4       0x80 src/mgb_unk1.o
                0x0000000008057ca4                sub_08057ca4
                0x0000000008057d00                sub_08057d00
 asm/mobile_adapter_gb0.o(.text)
 .text          0x0000000008057d24     0x8ed0 asm/mobile_adapter_gb0.o
                0x0000000008057d24                sub_08057d24
                0x0000000008057d4c                sub_08057d4c
                0x0000000008057d88                sub_08057d88
                0x0000000008057dc4                sub_08057dc4
                0x0000000008057dec                sub_08057dec
                0x0000000008057e34                sub_08057e34
                0x0000000008057eac                sub_08057eac
                0x0000000008057fa8                sub_08057fa8
                0x0000000008057fd8                sub_08057fd8
                0x0000000008058004                sub_08058004
                0x00000000080580bc                sub_080580bc
                0x0000000008058274                sub_08058274
                0x0000000008058340                sub_08058340
                0x000000000805837c                sub_0805837c
                0x00000000080583c0                sub_080583c0
                0x000000000805841c                sub_0805841c
                0x00000000080584c4                sub_080584c4
                0x00000000080585fc                sub_080585fc
                0x0000000008058668                sub_08058668
                0x00000000080586d8                sub_080586d8
                0x000000000805882c                sub_0805882c
                0x00000000080588b4                sub_080588b4
                0x00000000080588d0                sub_080588d0
                0x0000000008058948                sub_08058948
                0x0000000008058998                sub_08058998
                0x0000000008058a0c                sub_08058a0c
                0x0000000008058a48                sub_08058a48
                0x0000000008058ab8                sub_08058ab8
                0x0000000008058b24                sub_08058b24
                0x0000000008058b58                sub_08058b58
                0x0000000008058b8c                sub_08058b8c
                0x0000000008058bc0                sub_08058bc0
                0x0000000008058c20                sub_08058c20
                0x0000000008058d24                sub_08058d24
                0x0000000008058fdc                sub_08058fdc
                0x00000000080590ec                sub_080590ec
                0x0000000008059294                sub_08059294
                0x0000000008059a88                sub_08059a88
                0x0000000008059b60                sub_08059b60
                0x0000000008059cb4                sub_08059cb4
                0x0000000008059d38                sub_08059d38
                0x0000000008059dc8                sub_08059dc8
                0x0000000008059e68                sub_08059e68
                0x0000000008059ed8                sub_08059ed8
                0x0000000008059f00                sub_08059f00
                0x0000000008059f50                sub_08059f50
                0x0000000008059fd4                sub_08059fd4
                0x000000000805a05c                sub_0805a05c
                0x000000000805a0ec                sub_0805a0ec
                0x000000000805a108                sub_0805a108
                0x000000000805a170                sub_0805a170
                0x000000000805a1c8                sub_0805a1c8
                0x000000000805a21c                sub_0805a21c
                0x000000000805a26c                sub_0805a26c
                0x000000000805a28c                sub_0805a28c
                0x000000000805a3fc                _OnSelectMGBMenu
                0x000000000805a5a4                _PrepareMGBMenu
                0x000000000805a89c                _LoadMGBBackGround
                0x000000000805a930                _TryLoadMGBMainMenu
                0x000000000805ae04                sub_0805ae04
                0x000000000805ae78                sub_0805ae78
                0x000000000805af0c                sub_0805af0c
                0x000000000805b20c                sub_0805b20c
                0x000000000805b270                sub_0805b270
                0x000000000805b368                sub_0805b368
                0x000000000805b3e0                sub_0805b3e0
                0x000000000805b52c                sub_0805b52c
                0x000000000805b580                sub_0805b580
                0x000000000805b720                sub_0805b720
                0x000000000805b7f4                sub_0805b7f4
                0x000000000805bb2c                sub_0805bb2c
                0x000000000805be34                sub_0805be34
                0x000000000805be94                sub_0805be94
                0x000000000805bf18                sub_0805bf18
                0x000000000805c0e4                sub_0805c0e4
                0x000000000805c250                sub_0805c250
                0x000000000805c32c                sub_0805c32c
                0x000000000805c408                sub_0805c408
                0x000000000805c470                sub_0805c470
                0x000000000805c4dc                sub_0805c4dc
                0x000000000805c58c                sub_0805c58c
                0x000000000805c788                sub_0805c788
                0x000000000805cb14                sub_0805cb14
                0x000000000805cbc4                sub_0805cbc4
                0x000000000805d290                sub_0805d290
                0x000000000805dddc                sub_0805dddc
                0x000000000805dec0                sub_0805dec0
                0x000000000805df80                sub_0805df80
                0x000000000805e3e8                sub_0805e3e8
                0x000000000805e4dc                sub_0805e4dc
                0x000000000805e558                sub_0805e558
                0x000000000805e638                sub_0805e638
                0x000000000805e6ac                sub_0805e6ac
                0x000000000805e99c                sub_0805e99c
                0x000000000805ec5c                sub_0805ec5c
                0x000000000805ed08                sub_0805ed08
                0x000000000805edf4                sub_0805edf4
                0x000000000805efd4                sub_0805efd4
                0x000000000805f16c                sub_0805f16c
                0x000000000805f2d8                sub_0805f2d8
                0x000000000805f330                sub_0805f330
                0x000000000805f378                sub_0805f378
                0x000000000805f408                sub_0805f408
                0x000000000805f4e0                sub_0805f4e0
                0x000000000805f554                sub_0805f554
                0x000000000805f848                sub_0805f848
                0x000000000805f8b4                _LoadMGBRegistrationMenu
                0x000000000805fa9c                sub_0805fa9c
                0x000000000805fb80                sub_0805fb80
                0x000000000805fc08                sub_0805fc08
                0x000000000805fd0c                sub_0805fd0c
                0x000000000805fe78                sub_0805fe78
                0x000000000805ff20                sub_0805ff20
                0x00000000080600b4                sub_080600b4
                0x000000000806016c                sub_0806016c
                0x00000000080601b8                sub_080601b8
                0x00000000080601c8                sub_080601c8
                0x000000000806022c                sub_0806022c
                0x0000000008060298                sub_08060298
                0x00000000080602d4                sub_080602d4
                0x00000000080602e0                sub_080602e0
                0x00000000080602f0                sub_080602f0
                0x00000000080602fc                sub_080602fc
                0x0000000008060338                sub_08060338
                0x0000000008060434                sub_08060434
                0x0000000008060468                sub_08060468
                0x0000000008060490                sub_08060490
                0x00000000080604d8                sub_080604d8
                0x000000000806055c                sub_0806055c
                0x0000000008060644                sub_08060644
                0x0000000008060694                sub_08060694
                0x00000000080606d0                sub_080606d0
                0x0000000008060820                sub_08060820
                0x00000000080608f0                sub_080608f0
                0x0000000008060958                sub_08060958
                0x00000000080609b8                sub_080609b8
[...]
                0x0000000008312ad0                sub_08312ad0
                0x0000000008312b60                sub_08312b60
                0x0000000008312d50                sub_08312d50
                0x0000000008312e74                sub_08312e74
                0x0000000008312f0c                sub_08312f0c
                0x0000000008312f2c                sub_08312f2c
                0x00000000083136a4                sub_083136a4
                0x000000000831377c                sub_0831377c
                0x0000000008313874                sub_08313874
                0x0000000008313aac                sub_08313aac
                0x0000000008314300                sub_08314300
                0x000000000831430c                sub_0831430c
                0x000000000831448c                sub_0831448c
                0x00000000083144d8                sub_083144d8
                0x0000000008314524                sub_08314524
                0x000000000831456c                sub_0831456c
                0x00000000083145d8                sub_083145d8
                0x0000000008314788                sub_08314788
                0x000000000831481c                sub_0831481c
                0x0000000008314864                sub_08314864
                0x00000000083152e4                sub_083152e4
                0x000000000831530c                sub_0831530c
                0x0000000008315618                sub_08315618
                0x00000000083156c4                sub_083156c4
                0x000000000831571c                sub_0831571c
                0x0000000008315798                sub_08315798
                0x00000000083158a0                sub_083158a0
                0x00000000083158e4                sub_083158e4
                0x00000000083159dc                sub_083159dc
                0x0000000008315a1c                sub_08315a1c
                0x0000000008315a8c                sub_08315a8c
                0x0000000008315b70                sub_08315b70
                0x0000000008315dfc                sub_08315dfc
                0x0000000008316040                sub_08316040
                0x00000000083161d4                sub_083161d4
                0x00000000083162e0                sub_083162e0
                0x0000000008316324                sub_08316324
                0x00000000083163d4                sub_083163d4
                0x00000000083164c0                sub_083164c0
                0x0000000008316514                sub_08316514
                0x00000000083165b4                sub_083165b4
                0x000000000831676c                sub_0831676c
                0x0000000008316770                sub_08316770
                0x000000000831698c                sub_0831698c
                0x0000000008316aa8                sub_08316aa8
                0x0000000008316b74                sub_08316b74
                0x0000000008316ba0                sub_08316ba0
                0x0000000008316be0                sub_08316be0
                0x0000000008316be4                sub_08316be4
                0x0000000008316dd0                sub_08316dd0
                0x0000000008316df8                sub_08316df8
                0x0000000008316e9c                sub_08316e9c
                0x0000000008316ed8                sub_08316ed8
                0x0000000008316ef0                sub_08316ef0
                0x000000000831700c                sub_0831700c
                0x0000000008317048                sub_08317048
                0x00000000083171b4                sub_083171b4
                0x0000000008317250                sub_08317250
                0x00000000083172a4                sub_083172a4
                0x00000000083172bc                sub_083172bc
                0x00000000083173e8                sub_083173e8
                0x000000000831745c                sub_0831745c
                0x0000000008317484                sub_08317484
                0x000000000831749c                sub_0831749c
                0x00000000083174d4                sub_083174d4
                0x0000000008317524                sub_08317524
                0x00000000083175d0                sub_083175d0
                0x0000000008317658                sub_08317658
                0x000000000831774c                sub_0831774c
                0x0000000008317828                sub_08317828
                0x0000000008317870                sub_08317870
                0x0000000008317898                sub_08317898
                0x00000000083178b8                sub_083178b8
                0x000000000831791c                sub_0831791c
                0x0000000008317960                sub_08317960
                0x0000000008317978                sub_08317978
                0x0000000008317980                sub_08317980
                0x00000000083179e8                sub_083179e8
                0x0000000008317a1c                sub_08317a1c
                0x0000000008317a88                sub_08317a88
                0x0000000008317f6c                sub_08317f6c
                0x0000000008317f90                sub_08317f90
                0x0000000008317fe8                sub_08317fe8
                0x00000000083180c0                sub_083180c0
                0x00000000083181a8                sub_083181a8
                0x000000000831827c                sub_0831827c
                0x000000000831830c                sub_0831830c
                0x0000000008318984                sub_08318984
                0x0000000008318b84                sub_08318b84
                0x0000000008318b98                sub_08318b98
                0x0000000008318c70                sub_08318c70
                0x0000000008318dc4                sub_08318dc4
                0x0000000008318f90                sub_08318f90
                0x0000000008319048                sub_08319048
                0x0000000008319068                sub_08319068
                0x00000000083190f0                sub_083190f0
                0x0000000008319120                sub_08319120
                0x0000000008319140                sub_08319140
                0x00000000083192bc                sub_083192bc
                0x0000000008319488                sub_08319488
                0x000000000831955c                sub_0831955c
                0x00000000083195bc                sub_083195bc
                0x0000000008319650                sub_08319650
                0x00000000083196cc                sub_083196cc
                0x0000000008319830                sub_08319830
                0x0000000008319938                sub_08319938
                0x00000000083199ec                sub_083199ec
                0x0000000008319a98                sub_08319a98
                0x0000000008319b4c                sub_08319b4c
                0x0000000008319ca8                sub_08319ca8
                0x0000000008319da8                sub_08319da8
                0x0000000008319de8                sub_08319de8
                0x0000000008319fa4                sub_08319fa4
                0x000000000831a15c                sub_0831a15c
                0x000000000831a26c                sub_0831a26c
                0x000000000831a288                sub_0831a288
                0x000000000831a2d4                sub_0831a2d4
                0x000000000831a2e4                sub_0831a2e4
                0x000000000831a31c                sub_0831a31c
                0x000000000831a444                sub_0831a444
                0x000000000831a4d0                sub_0831a4d0
                0x000000000831a50c                sub_0831a50c
                0x000000000831a634                sub_0831a634
                0x000000000831ac70                sub_0831ac70
                0x000000000831acb8                sub_0831acb8
                0x000000000831ad0c                sub_0831ad0c
                0x000000000831ad34                sub_0831ad34
                0x000000000831ad64                sub_0831ad64
                0x000000000831add8                sub_0831add8
                0x000000000831ae4c                sub_0831ae4c
                0x000000000831aec0                sub_0831aec0
                0x000000000831aefc                sub_0831aefc
                0x000000000831af2c                sub_0831af2c
                0x000000000831b55c                sub_0831b55c
                0x000000000831b5a8                sub_0831b5a8
                0x000000000831b5d8                sub_0831b5d8
                0x000000000831cafc                sub_0831cafc
                0x000000000831cbe8                sub_0831cbe8
                0x000000000831cc48                sub_0831cc48
                0x000000000831ccdc                sub_0831ccdc
                0x000000000831cd70                sub_0831cd70
                0x000000000831ce04                sub_0831ce04
                0x000000000831cec8                sub_0831cec8
                0x000000000831cf94                sub_0831cf94
                0x000000000831d114                sub_0831d114
                0x000000000831d238                sub_0831d238
                0x000000000831d36c                sub_0831d36c
                0x000000000831d45c                sub_0831d45c
                0x000000000831d498                sub_0831d498
                0x000000000831d53c                sub_0831d53c
                0x000000000831d540                sub_0831d540
                0x000000000831d5d4                sub_0831d5d4
                0x000000000831d60c                sub_0831d60c
                0x000000000831d69c                sub_0831d69c
                0x000000000831d6c0                sub_0831d6c0
                0x000000000831d6f0                sub_0831d6f0
                0x000000000831d718                sub_0831d718
                0x000000000831d748                sub_0831d748
                0x000000000831d778                sub_0831d778
                0x000000000831d7e0                sub_0831d7e0
                0x000000000831d928                sub_0831d928
                0x000000000831d9ec                sub_0831d9ec
                0x000000000831da88                sub_0831da88
                0x000000000831dbd4                sub_0831dbd4
                0x000000000831eca8                sub_0831eca8
                0x000000000831ecbc                sub_0831ecbc
                0x000000000831ecd0                sub_0831ecd0
                0x000000000831ed60                sub_0831ed60
                0x000000000831ed70                sub_0831ed70
                0x000000000831ed84                sub_0831ed84
                0x000000000831f990                sub_0831f990
                0x000000000831fa1c                sub_0831fa1c
                0x000000000831fa20                sub_0831fa20
                0x0000000008320124                sub_08320124
                0x0000000008320194                sub_08320194
                0x0000000008320220                sub_08320220
                0x00000000083203b8                sub_083203b8
                0x00000000083203f4                sub_083203f4
                0x000000000832042c                sub_0832042c
                0x000000000832045c                sub_0832045c
                0x000000000832049c                sub_0832049c
                0x00000000083204d0                sub_083204d0
                0x0000000008320664                sub_08320664
                0x0000000008320678                sub_08320678
                0x0000000008320684                sub_08320684
                0x00000000083208f0                sub_083208f0
                0x0000000008320b8c                sub_08320b8c
                0x0000000008320f70                sub_08320f70
                0x0000000008320fc0                sub_08320fc0
                0x00000000083213ec                sub_083213ec
                0x0000000008321434                sub_08321434
                0x00000000083214a4                sub_083214a4
                0x0000000008321500                sub_08321500
                0x000000000832151c                sub_0832151c
                0x0000000008321b30                sub_08321b30
                0x0000000008321b94                sub_08321b94
                0x0000000008321c0c                sub_08321c0c
                0x00000000083220fc                sub_083220fc
                0x0000000008323a50                sub_08323a50
                0x0000000008323b80                sub_08323b80
                0x0000000008323c60                sub_08323c60
                0x0000000008323d38                sub_08323d38
                0x0000000008323d58                sub_08323d58
                0x0000000008323d9c                sub_08323d9c
                0x0000000008323dc4                sub_08323dc4
                0x0000000008324068                sub_08324068
                0x00000000083240c4                sub_083240c4
                0x00000000083242ec                sub_083242ec
                0x0000000008324364                sub_08324364
                0x0000000008324430                sub_08324430
                0x0000000008324474                sub_08324474
                0x0000000008324498                sub_08324498
                0x00000000083244f4                sub_083244f4
                0x0000000008324920                sub_08324920
                0x0000000008324940                sub_08324940
                0x0000000008324984                sub_08324984
                0x000000000832499c                sub_0832499c
                0x00000000083249c8                sub_083249c8
                0x0000000008324a0c                sub_08324a0c
                0x0000000008324a3c                sub_08324a3c
                0x0000000008324aa0                sub_08324aa0
                0x0000000008324b04                sub_08324b04
                0x0000000008324b68                sub_08324b68
                0x0000000008324bb0                sub_08324bb0
                0x0000000008324bf8                sub_08324bf8
                0x0000000008324c64                sub_08324c64
                0x0000000008324c98                sub_08324c98
                0x0000000008324ccc                sub_08324ccc
                0x0000000008324d20                sub_08324d20
                0x0000000008324db0                sub_08324db0
                0x0000000008324e8c                sub_08324e8c
                0x0000000008324f9c                sub_08324f9c
                0x000000000832502c                sub_0832502c
                0x00000000083250a8                sub_083250a8
                0x00000000083250dc                sub_083250dc
                0x0000000008325150                sub_08325150
                0x000000000832517c                sub_0832517c
                0x00000000083251d4                sub_083251d4
                0x00000000083251e4                sub_083251e4
                0x0000000008325592                sub_08325592
                0x00000000083255b0                sub_083255b0
                0x00000000083255d0                sub_083255d0
                0x0000000008325600                sub_08325600
                0x0000000008325618                sub_08325618
                0x000000000832561a                sub_0832561a
                0x0000000008325634                sub_08325634
                0x0000000008325690                sub_08325690
                0x0000000008325a58                sub_08325a58
                0x0000000008325a68                sub_08325a68
                0x0000000008325aac                sub_08325aac
                0x0000000008325adc                sub_08325adc
                0x0000000008325d1c                sub_08325d1c
                0x0000000008325d6c                sub_08325d6c
                0x0000000008325e88                sub_08325e88
                0x0000000008325e94                sub_08325e94
                0x0000000008325f60                sub_08325f60
                0x0000000008326084                sub_08326084
                0x00000000083260cc                sub_083260cc
                0x00000000083261e8                sub_083261e8
                0x00000000083261fc                sub_083261fc
                0x0000000008326210                sub_08326210
                0x00000000083262dc                sub_083262dc
                0x0000000008326380                sub_08326380
                0x0000000008326418                sub_08326418
                0x000000000832646c                sub_0832646c
                0x00000000083264d0                sub_083264d0
                0x0000000008326508                sub_08326508
                0x0000000008326580                sub_08326580
                0x0000000008326664                sub_08326664
                0x00000000083266a4                sub_083266a4
                0x000000000832676c                sub_0832676c
                0x0000000008326dcc                sub_08326dcc
                0x0000000008326df4                sub_08326df4
                0x0000000008326e5c                sub_08326e5c
                0x0000000008326ed0                sub_08326ed0
                0x0000000008326f38                sub_08326f38
                0x0000000008326f58                sub_08326f58
                0x0000000008326fcc                sub_08326fcc
                0x0000000008327040                sub_08327040
                0x0000000008327198                sub_08327198
                0x00000000083271b8                sub_083271b8
                0x00000000083271cc                sub_083271cc
                0x00000000083272bc                sub_083272bc
                0x00000000083272c0                sub_083272c0
                0x00000000083272c4                sub_083272c4
                0x00000000083272c8                sub_083272c8
                0x00000000083272d4                sub_083272d4
                0x00000000083272dc                sub_083272dc
                0x00000000083272fc                sub_083272fc
                0x0000000008327304                sub_08327304
                0x0000000008327308                sub_08327308
                0x000000000832730c                sub_0832730c
                0x0000000008327320                sub_08327320
                0x0000000008327340                sub_08327340
                0x00000000083273d4                sub_083273d4
                0x00000000083273d8                sub_083273d8
                0x0000000008327450                sub_08327450
                0x0000000008327550                sub_08327550
                0x0000000008327560                sub_08327560
                0x00000000083275d4                sub_083275d4
                0x0000000008327638                sub_08327638
                0x0000000008327674                sub_08327674
                0x0000000008327684                sub_08327684
                0x0000000008340994                sub_08340994
                0x0000000008340a78                sub_08340a78
                0x0000000008340b94                sub_08340b94
                0x0000000008340c64                sub_08340c64
                0x000000000834131c                sub_0834131c

/DISCARD/
 *(*)
LOAD asm/crt0.o
LOAD asm/data.o
LOAD asm/defines.o
LOAD asm/game.o
LOAD asm/macros.o
LOAD asm/main.o
LOAD asm/mka0.o
LOAD asm/mka1.o
LOAD asm/mka2.o
LOAD asm/mka3.o
LOAD asm/mka4.o
LOAD asm/mka5.o
LOAD asm/mka6.o
LOAD asm/mobile_adapter_gb_intro.o
LOAD asm/mobile_adapter_gb0.o
LOAD asm/mobile_adapter_gb1.o
LOAD asm/ram.o
LOAD asm/rom_header.o
LOAD asm/swi.o
LOAD src/mgb_profile.o
LOAD src/mgb_save.o
LOAD src/mgb_unk1.o
LOAD tools/agbcc/lib\libgcc.a
LOAD tools/agbcc/lib\libc.a
OUTPUT(mka.elf elf32-littlearm)
LOAD linker stubs
