
Discarded input sections

 .data          0x00000000        0x0 asm/crt0.o
 .bss           0x00000000        0x0 asm/crt0.o
 .ARM.attributes
                0x00000000       0x20 asm/crt0.o
 .data          0x00000000        0x0 asm/mka0.o
 .bss           0x00000000        0x0 asm/mka0.o
 .ARM.attributes
                0x00000000       0x20 asm/mka0.o
 .data          0x00000000        0x0 asm/mobile_adapter_gb_intro.o
 .bss           0x00000000        0x0 asm/mobile_adapter_gb_intro.o
 .ARM.attributes
                0x00000000       0x20 asm/mobile_adapter_gb_intro.o
 .data          0x00000000        0x0 asm/mka1.o
 .bss           0x00000000        0x0 asm/mka1.o
 .ARM.attributes
                0x00000000       0x20 asm/mka1.o
 .data          0x00000000        0x0 asm/main.o
 .bss           0x00000000        0x0 asm/main.o
 .ARM.attributes
                0x00000000       0x20 asm/main.o
 .data          0x00000000        0x0 asm/mka2.o
 .bss           0x00000000        0x0 asm/mka2.o
 .ARM.attributes
                0x00000000       0x20 asm/mka2.o
 .data          0x00000000        0x0 asm/game.o
 .bss           0x00000000        0x0 asm/game.o
 .ARM.attributes
                0x00000000       0x20 asm/game.o
 .data          0x00000000        0x0 asm/mka3.o
 .bss           0x00000000        0x0 asm/mka3.o
 .ARM.attributes
                0x00000000       0x20 asm/mka3.o
 .data          0x00000000        0x0 asm/mobile_adapter_gb0.o
 .bss           0x00000000        0x0 asm/mobile_adapter_gb0.o
 .ARM.attributes
                0x00000000       0x20 asm/mobile_adapter_gb0.o
 .data          0x00000000        0x0 src/mobile_adapter_gb.o
 .bss           0x00000000        0x0 src/mobile_adapter_gb.o
 .ARM.attributes
                0x00000000       0x20 src/mobile_adapter_gb.o
 .data          0x00000000        0x0 asm/mobile_adapter_gb1.o
 .bss           0x00000000        0x0 asm/mobile_adapter_gb1.o
 .ARM.attributes
                0x00000000       0x20 asm/mobile_adapter_gb1.o
 .data          0x00000000        0x0 asm/mka4.o
 .bss           0x00000000        0x0 asm/mka4.o
 .ARM.attributes
                0x00000000       0x20 asm/mka4.o
 .data          0x00000000        0x0 asm/swi.o
 .bss           0x00000000        0x0 asm/swi.o
 .ARM.attributes
                0x00000000       0x20 asm/swi.o
 .data          0x00000000        0x0 asm/mka5.o
 .bss           0x00000000        0x0 asm/mka5.o
 .ARM.attributes
                0x00000000       0x20 asm/mka5.o
 .data          0x00000000        0x0 asm/data.o
 .bss           0x00000000        0x0 asm/data.o
 .ARM.attributes
                0x00000000       0x20 asm/data.o
 .data          0x00000000        0x0 asm/mka6.o
 .bss           0x00000000        0x0 asm/mka6.o
 .ARM.attributes
                0x00000000       0x20 asm/mka6.o
 .text          0x00000000        0x0 asm/defines.o
 .data          0x00000000        0x0 asm/defines.o
 .bss           0x00000000        0x0 asm/defines.o
 .ARM.attributes
                0x00000000       0x20 asm/defines.o
 .text          0x00000000        0x0 asm/ram.o
 .data          0x00000000        0x0 asm/ram.o
 .bss           0x00000000        0x0 asm/ram.o
 .ARM.attributes
                0x00000000       0x20 asm/ram.o
 .text          0x00000000        0x0 asm/macros.o
 .data          0x00000000        0x0 asm/macros.o
 .bss           0x00000000        0x0 asm/macros.o
 .ARM.attributes
                0x00000000       0x20 asm/macros.o
 .text          0x00000000       0xc0 asm/rom_header.o
 .data          0x00000000        0x0 asm/rom_header.o
 .bss           0x00000000        0x0 asm/rom_header.o
 .ARM.attributes
                0x00000000       0x20 asm/rom_header.o

Memory Configuration

Name             Origin             Length             Attributes
*default*        0x00000000         0xffffffff

Linker script and memory map

                0x08000000                . = 0x8000000

.text           0x08000000   0x400000
 asm/crt0.o(.text)
 .text          0x08000000      0x1d8 asm/crt0.o
                0x080000c0                Init
                0x080000fc                InterruptMain
 asm/mka0.o(.text)
 .text          0x080001d8     0x1728 asm/mka0.o
                0x080001d8                _entryPoint
                0x08000350                sub_08000350
                0x08000708                sub_08000708
                0x080008b0                sub_080008b0
                0x08000a40                sub_08000a40
                0x08000e78                sub_08000e78
                0x0800106c                sub_0800106c
 asm/mobile_adapter_gb_intro.o(.text)
 .text          0x08001900      0x14c asm/mobile_adapter_gb_intro.o
                0x08001900                _ShowMGBIntro
 asm/mka1.o(.text)
 .text          0x08001a4c    0x25190 asm/mka1.o
                0x08001a4c                sub_08001a4c
                0x08001a78                sub_08001a78
                0x08001b54                sub_08001b54
                0x08001c00                sub_08001c00
                0x08001c9c                sub_08001c9c
                0x08001d68                sub_08001d68
                0x08001dd0                sub_08001dd0
                0x08001fb4                sub_08001fb4
                0x080021c0                sub_080021c0
                0x08002b5c                sub_08002b5c
                0x08002c18                sub_08002c18
                0x08002c24                sub_08002c24
                0x08002c30                sub_08002c30
                0x08002c5c                sub_08002c5c
                0x08002c68                sub_08002c68
                0x08002c7c                sub_08002c7c
                0x08002cd4                sub_08002cd4
                0x08002ce4                sub_08002ce4
                0x08002d3c                sub_08002d3c
                0x08002dfc                sub_08002dfc
                0x08002e44                sub_08002e44
                0x08002e8c                sub_08002e8c
                0x08002e98                sub_08002e98
                0x08003170                sub_08003170
                0x080036d8                sub_080036d8
                0x080038ac                sub_080038ac
                0x08003924                sub_08003924
                0x0800393c                sub_0800393c
                0x08003bac                sub_08003bac
                0x08003fc4                sub_08003fc4
                0x08004094                sub_08004094
                0x08004174                sub_08004174
                0x080042b8                sub_080042b8
                0x08004410                sub_08004410
                0x08004578                sub_08004578
                0x08004854                sub_08004854
                0x08004902                sub_08004902
                0x08005414                sub_08005414
                0x08005590                sub_08005590
                0x080058b0                sub_080058b0
                0x08005c88                sub_08005c88
                0x08005d84                sub_08005d84
                0x08005ddc                sub_08005ddc
                0x08005ed0                sub_08005ed0
                0x08006084                sub_08006084
                0x080064f0                sub_080064f0
                0x080065a4                sub_080065a4
                0x0800675c                sub_0800675c
                0x08006828                sub_08006828
                0x08006a00                sub_08006a00
                0x08006c34                sub_08006c34
                0x08006d38                sub_08006d38
                0x08006de0                sub_08006de0
                0x08007110                sub_08007110
                0x08007290                sub_08007290
                0x08008486                sub_08008486
                0x080085d8                sub_080085d8
                0x080085e4                sub_080085e4
                0x08008714                sub_08008714
                0x08008828                sub_08008828
                0x08008910                sub_08008910
                0x08008b30                sub_08008b30
                0x08008cec                sub_08008cec
                0x08008de4                sub_08008de4
                0x08008f7c                sub_08008f7c
                0x080090fc                sub_080090fc
                0x08009568                sub_08009568
                0x0800972c                sub_0800972c
                0x08009970                sub_08009970
                0x08009c5c                sub_08009c5c
                0x08009f84                sub_08009f84
                0x0800a17c                sub_0800a17c
                0x0800a734                sub_0800a734
                0x0800a824                sub_0800a824
                0x0800a8c8                sub_0800a8c8
                0x0800af6c                sub_0800af6c
                0x0800b232                sub_0800b232
                0x0800c3c6                sub_0800c3c6
                0x0800c674                sub_0800c674
                0x0800c72c                sub_0800c72c
                0x0800c94c                sub_0800c94c
                0x0800ca28                sub_0800ca28
                0x0800cae0                sub_0800cae0
                0x0800cca0                sub_0800cca0
                0x0800ce74                sub_0800ce74
                0x0800d34c                sub_0800d34c
                0x0800d41c                sub_0800d41c
                0x0800d544                sub_0800d544
                0x0800d6b4                sub_0800d6b4
                0x0800d758                sub_0800d758
                0x0800e080                sub_0800e080
                0x0800e3f0                sub_0800e3f0
                0x0800e468                sub_0800e468
                0x0800e4ec                sub_0800e4ec
                0x0800e578                sub_0800e578
                0x0800e5c0                sub_0800e5c0
                0x0800e620                sub_0800e620
                0x0800e6b8                sub_0800e6b8
                0x0800e704                sub_0800e704
                0x0800e77c                sub_0800e77c
                0x0800e9c0                sub_0800e9c0
                0x0800ebec                sub_0800ebec
                0x0800ebfc                sub_0800ebfc
                0x0800ec10                sub_0800ec10
                0x0800ec28                sub_0800ec28
                0x0800ec30                sub_0800ec30
                0x0800ec38                sub_0800ec38
                0x0800ec40                sub_0800ec40
                0x0800ec48                sub_0800ec48
                0x0800ecc8                sub_0800ecc8
                0x0800ef8c                sub_0800ef8c
                0x0800f124                sub_0800f124
                0x0800f214                sub_0800f214
                0x0800f344                sub_0800f344
                0x0800f464                sub_0800f464
                0x0800f674                sub_0800f674
                0x0800f930                sub_0800f930
                0x0800fafc                sub_0800fafc
                0x0800fdd2                sub_0800fdd2
                0x08010d50                sub_08010d50
                0x08010dc4                sub_08010dc4
                0x08011010                sub_08011010
                0x08011040                sub_08011040
                0x08011094                sub_08011094
                0x08011108                sub_08011108
                0x08011140                sub_08011140
                0x0801165c                sub_0801165c
                0x080116d4                sub_080116d4
                0x08011728                sub_08011728
                0x0801185c                sub_0801185c
                0x08011978                sub_08011978
                0x080119b4                sub_080119b4
                0x080119c4                sub_080119c4
                0x08011a0c                sub_08011a0c
                0x08011af0                sub_08011af0
                0x08011c0c                sub_08011c0c
                0x08011cdc                sub_08011cdc
                0x080127d8                sub_080127d8
                0x080128e4                sub_080128e4
                0x080129dc                sub_080129dc
                0x080139bc                sub_080139bc
                0x08013a0c                sub_08013a0c
                0x08013a60                sub_08013a60
                0x08013a68                sub_08013a68
                0x08013ad4                sub_08013ad4
                0x08013b44                sub_08013b44
                0x08013d0c                sub_08013d0c
                0x08013e10                sub_08013e10
                0x08013e24                sub_08013e24
                0x08013e3c                sub_08013e3c
                0x08013e9c                sub_08013e9c
                0x08013ec0                sub_08013ec0
                0x080140ec                sub_080140ec
                0x08014290                sub_08014290
                0x080143ec                sub_080143ec
                0x080146dc                sub_080146dc
                0x08014774                sub_08014774
                0x08014ca8                sub_08014ca8
                0x08014ccc                sub_08014ccc
                0x08014d14                sub_08014d14
                0x08014d38                sub_08014d38
                0x08014d5c                sub_08014d5c
                0x08014d70                sub_08014d70
                0x080162e4                sub_080162e4
                0x080165d8                sub_080165d8
                0x080167d0                sub_080167d0
                0x08016968                sub_08016968
                0x08016a1c                sub_08016a1c
                0x08016a88                sub_08016a88
                0x08016acc                sub_08016acc
                0x08016b1c                sub_08016b1c
                0x08016bb0                sub_08016bb0
                0x080180d4                sub_080180d4
                0x080196fa                sub_080196fa
                0x0801987c                sub_0801987c
                0x0801ab48                sub_0801ab48
                0x0801b408                sub_0801b408
                0x0801b4cc                sub_0801b4cc
                0x0801bfe4                sub_0801bfe4
                0x0801ccf0                sub_0801ccf0
                0x0801ce24                sub_0801ce24
                0x0801ce88                sub_0801ce88
                0x0801cf68                sub_0801cf68
                0x0801d198                sub_0801d198
                0x0801d360                sub_0801d360
                0x0801e042                sub_0801e042
                0x0801e16c                sub_0801e16c
                0x0801e1e8                sub_0801e1e8
                0x0801e2c0                sub_0801e2c0
                0x0801e394                sub_0801e394
                0x0801e5a4                sub_0801e5a4
                0x0801e700                sub_0801e700
                0x0801f434                sub_0801f434
                0x0801f568                sub_0801f568
                0x0801f5e8                sub_0801f5e8
                0x08020558                sub_08020558
                0x080205cc                sub_080205cc
                0x08020698                sub_08020698
                0x080207c8                sub_080207c8
                0x080209a8                sub_080209a8
                0x08020a74                sub_08020a74
                0x08020bc4                sub_08020bc4
                0x08020ca4                sub_08020ca4
                0x08023020                sub_08023020
                0x08023270                sub_08023270
                0x08023530                sub_08023530
                0x080237d4                sub_080237d4
                0x08025748                sub_08025748
                0x080257a8                sub_080257a8
                0x08025a98                sub_08025a98
                0x08025b70                sub_08025b70
                0x080262f4                sub_080262f4
                0x0802667c                sub_0802667c
                0x080269a4                sub_080269a4
                0x08026a78                sub_08026a78
                0x08026b7c                sub_08026b7c
                0x08026ba4                sub_08026ba4
 asm/main.o(.text)
 .text          0x08026bdc      0x1e0 asm/main.o
                0x08026bdc                _AgbMain
 asm/mka2.o(.text)
 .text          0x08026dbc      0x360 asm/mka2.o
                0x08026dbc                sub_08026dbc
                0x08026e98                sub_08026e98
                0x08026f58                sub_08026f58
                0x08026f7c                sub_08026f7c
                0x08026fa0                sub_08026fa0
                0x08026fec                sub_08026fec
                0x08027014                sub_08027014
                0x0802703c                sub_0802703c
                0x08027060                sub_08027060
                0x08027098                sub_08027098
                0x080270d0                sub_080270d0
                0x08027104                sub_08027104
 asm/game.o(.text)
 .text          0x0802711c       0x2c asm/game.o
                0x0802711c                _UpdateGame
 asm/mka3.o(.text)
 .text          0x08027148    0x30808 asm/mka3.o
                0x08027148                sub_08027148
                0x08027158                sub_08027158
                0x08027188                sub_08027188
                0x080271b0                sub_080271b0
                0x080271b8                sub_080271b8
                0x08027208                sub_08027208
                0x08027264                sub_08027264
                0x0802732c                sub_0802732c
                0x0802765c                sub_0802765c
                0x08027730                sub_08027730
                0x08027744                sub_08027744
                0x08027788                sub_08027788
                0x080277b4                sub_080277b4
                0x080277f0                sub_080277f0
                0x08027a08                sub_08027a08
                0x08027b10                sub_08027b10
                0x08027bd4                sub_08027bd4
                0x08027cc4                sub_08027cc4
                0x08027da8                sub_08027da8
                0x08027ee4                sub_08027ee4
                0x08027fdc                sub_08027fdc
                0x08028048                sub_08028048
                0x080280c4                sub_080280c4
                0x08028130                sub_08028130
                0x0802813c                sub_0802813c
                0x08028168                sub_08028168
                0x08028174                sub_08028174
                0x080281a4                sub_080281a4
                0x080281b0                sub_080281b0
                0x080281c4                sub_080281c4
                0x080281d4                sub_080281d4
                0x080281fc                sub_080281fc
                0x08028210                sub_08028210
                0x08028278                sub_08028278
                0x080285ec                sub_080285ec
                0x08028738                sub_08028738
                0x08028764                sub_08028764
                0x080287a0                sub_080287a0
                0x080287a8                sub_080287a8
                0x080287c8                sub_080287c8
                0x080287e0                sub_080287e0
                0x08028848                sub_08028848
                0x08028878                sub_08028878
                0x08028880                sub_08028880
                0x08028890                sub_08028890
                0x08028898                sub_08028898
                0x080288f8                sub_080288f8
                0x08028914                sub_08028914
                0x08028930                sub_08028930
                0x08028988                sub_08028988
                0x08028a3c                sub_08028a3c
                0x08028c64                sub_08028c64
                0x08028d24                sub_08028d24
                0x08028f44                sub_08028f44
                0x08029000                sub_08029000
                0x08029024                sub_08029024
                0x08029048                sub_08029048
                0x08029050                sub_08029050
                0x080290c0                sub_080290c0
                0x080290f4                sub_080290f4
                0x08029108                sub_08029108
                0x0802911c                sub_0802911c
                0x08029138                sub_08029138
                0x08029174                sub_08029174
                0x080291bc                sub_080291bc
                0x0802951c                sub_0802951c
                0x08029748                sub_08029748
                0x080297c8                sub_080297c8
                0x0802983c                sub_0802983c
                0x08029894                sub_08029894
                0x080298f8                sub_080298f8
                0x08029924                sub_08029924
                0x0802994c                sub_0802994c
                0x08029958                sub_08029958
                0x080299c0                sub_080299c0
                0x08029a30                sub_08029a30
                0x08029a90                sub_08029a90
                0x08029b04                sub_08029b04
                0x08029ca8                sub_08029ca8
                0x08029d24                sub_08029d24
                0x08029d90                sub_08029d90
                0x08029da8                sub_08029da8
                0x08029e9c                sub_08029e9c
                0x08029ec0                sub_08029ec0
                0x08029ee4                sub_08029ee4
                0x08029f34                sub_08029f34
                0x08029f58                sub_08029f58
                0x08029f98                sub_08029f98
                0x08029fcc                sub_08029fcc
                0x0802a04c                sub_0802a04c
                0x0802a060                sub_0802a060
                0x0802a0a4                sub_0802a0a4
                0x0802a130                sub_0802a130
                0x0802a18c                sub_0802a18c
                0x0802a238                sub_0802a238
                0x0802a274                sub_0802a274
                0x0802a2e0                sub_0802a2e0
                0x0802a300                sub_0802a300
                0x0802a30c                sub_0802a30c
                0x0802a33c                sub_0802a33c
                0x0802a418                sub_0802a418
                0x0802a4b0                sub_0802a4b0
                0x0802a5fc                sub_0802a5fc
                0x0802a73c                sub_0802a73c
                0x0802a95c                sub_0802a95c
                0x0802a960                sub_0802a960
                0x0802a980                sub_0802a980
                0x0802a990                sub_0802a990
                0x0802a9a0                sub_0802a9a0
                0x0802a9b0                sub_0802a9b0
                0x0802a9cc                sub_0802a9cc
                0x0802a9e8                sub_0802a9e8
                0x0802aa20                sub_0802aa20
                0x0802aa34                sub_0802aa34
                0x0802aa88                sub_0802aa88
                0x0802aaec                sub_0802aaec
                0x0802ab38                sub_0802ab38
                0x0802ab4c                sub_0802ab4c
                0x0802ab54                sub_0802ab54
                0x0802ab64                sub_0802ab64
                0x0802ac00                sub_0802ac00
                0x0802acb4                sub_0802acb4
                0x0802addc                sub_0802addc
                0x0802ade8                sub_0802ade8
                0x0802ae74                sub_0802ae74
                0x0802aeb4                sub_0802aeb4
                0x0802af18                sub_0802af18
                0x0802af68                sub_0802af68
                0x0802b09c                sub_0802b09c
                0x0802b1c8                sub_0802b1c8
                0x0802b490                sub_0802b490
                0x0802b914                sub_0802b914
                0x0802b9d8                sub_0802b9d8
                0x0802ba9c                sub_0802ba9c
                0x0802bd20                sub_0802bd20
                0x0802bf28                sub_0802bf28
                0x0802bfb4                sub_0802bfb4
                0x0802c298                sub_0802c298
                0x0802c35c                sub_0802c35c
                0x0802c3d4                sub_0802c3d4
                0x0802c404                sub_0802c404
                0x0802c474                sub_0802c474
                0x0802c490                sub_0802c490
                0x0802c4b8                sub_0802c4b8
                0x0802c4bc                sub_0802c4bc
                0x0802c4e0                sub_0802c4e0
                0x0802c518                sub_0802c518
                0x0802c554                sub_0802c554
                0x0802c5a0                sub_0802c5a0
                0x0802c5d0                sub_0802c5d0
                0x0802c610                sub_0802c610
                0x0802c650                sub_0802c650
                0x0802c6c8                sub_0802c6c8
                0x0802c6d0                sub_0802c6d0
                0x0802c700                sub_0802c700
                0x0802c72c                sub_0802c72c
                0x0802c738                sub_0802c738
                0x0802c744                sub_0802c744
                0x0802c750                sub_0802c750
                0x0802c774                sub_0802c774
                0x0802c78c                sub_0802c78c
                0x0802c7a0                sub_0802c7a0
                0x0802c7d0                sub_0802c7d0
                0x0802c80c                sub_0802c80c
                0x0802c844                sub_0802c844
                0x0802c880                sub_0802c880
                0x0802c8b4                sub_0802c8b4
                0x0802c924                sub_0802c924
                0x0802c970                sub_0802c970
                0x0802c9bc                sub_0802c9bc
                0x0802cc20                sub_0802cc20
                0x0802cf84                sub_0802cf84
                0x0802d278                sub_0802d278
                0x0802d31c                sub_0802d31c
                0x0802d47c                sub_0802d47c
                0x0802d4ec                sub_0802d4ec
                0x0802d540                sub_0802d540
                0x0802d550                sub_0802d550
                0x0802d5ac                sub_0802d5ac
                0x0802d618                sub_0802d618
                0x0802d690                sub_0802d690
                0x0802d6a0                sub_0802d6a0
                0x0802d6c0                sub_0802d6c0
                0x0802d6d0                sub_0802d6d0
                0x0802d6e0                sub_0802d6e0
                0x0802d73c                sub_0802d73c
                0x0802d798                sub_0802d798
                0x0802d7f8                sub_0802d7f8
                0x0802d9f8                sub_0802d9f8
                0x0802db28                sub_0802db28
                0x0802dd08                sub_0802dd08
                0x0802e050                sub_0802e050
                0x0802e0c4                sub_0802e0c4
                0x0802ea44                sub_0802ea44
                0x0802ea8c                sub_0802ea8c
                0x0802eb90                sub_0802eb90
                0x0802f088                sub_0802f088
                0x0802f0fc                sub_0802f0fc
                0x0802f13c                sub_0802f13c
                0x0802f1b4                sub_0802f1b4
                0x0802f2cc                sub_0802f2cc
                0x0802f62c                sub_0802f62c
                0x0802f7d8                sub_0802f7d8
                0x0802f824                sub_0802f824
                0x08030b4c                sub_08030b4c
                0x08030c4c                sub_08030c4c
                0x08030c80                sub_08030c80
                0x080312c8                sub_080312c8
                0x080313e0                sub_080313e0
                0x08031510                sub_08031510
                0x08031594                sub_08031594
                0x08031614                sub_08031614
                0x080317c0                sub_080317c0
                0x08031850                sub_08031850
                0x08031abc                sub_08031abc
                0x08031ce4                sub_08031ce4
                0x08031d7c                sub_08031d7c
                0x080324ec                sub_080324ec
                0x080325e0                sub_080325e0
                0x080326d8                sub_080326d8
                0x08032918                sub_08032918
                0x08033168                sub_08033168
                0x08033174                sub_08033174
                0x0803330c                sub_0803330c
                0x08033378                sub_08033378
                0x0803361c                sub_0803361c
                0x08034394                sub_08034394
                0x08034898                sub_08034898
                0x08034938                sub_08034938
                0x08034a40                sub_08034a40
                0x08034b38                sub_08034b38
                0x08034cdc                sub_08034cdc
                0x08034f78                sub_08034f78
                0x080351e0                sub_080351e0
                0x080353b4                sub_080353b4
                0x080354c0                sub_080354c0
                0x08035570                sub_08035570
                0x08035628                sub_08035628
                0x080356ac                sub_080356ac
                0x0803574c                sub_0803574c
                0x0803595c                sub_0803595c
                0x08035bc4                sub_08035bc4
                0x08035d4c                sub_08035d4c
                0x08035e4c                sub_08035e4c
                0x08035ec8                sub_08035ec8
                0x08036254                sub_08036254
                0x08036330                sub_08036330
                0x08036480                sub_08036480
                0x080365ec                sub_080365ec
                0x08036688                sub_08036688
                0x08036758                sub_08036758
                0x08036a14                sub_08036a14
                0x08036b84                sub_08036b84
                0x08036c1c                sub_08036c1c
                0x08036d30                sub_08036d30
                0x08036e88                sub_08036e88
                0x08036eec                sub_08036eec
                0x080370b4                sub_080370b4
                0x08037120                sub_08037120
                0x08037160                sub_08037160
                0x08037220                sub_08037220
                0x0803725c                sub_0803725c
                0x08037274                sub_08037274
                0x080372c0                sub_080372c0
                0x08037310                sub_08037310
                0x08037340                sub_08037340
                0x08037358                sub_08037358
                0x08037380                sub_08037380
                0x080373bc                sub_080373bc
                0x080373dc                sub_080373dc
                0x08037420                sub_08037420
                0x0803743c                sub_0803743c
                0x0803745c                sub_0803745c
                0x080374b0                sub_080374b0
                0x080374c0                sub_080374c0
                0x080374cc                sub_080374cc
                0x080374f4                sub_080374f4
                0x080376ac                sub_080376ac
                0x080376f8                sub_080376f8
                0x08037760                sub_08037760
                0x0803780c                sub_0803780c
                0x08037918                sub_08037918
                0x08037a58                sub_08037a58
                0x08037ba8                sub_08037ba8
                0x08037bfc                sub_08037bfc
                0x08037c64                sub_08037c64
                0x08037c8c                sub_08037c8c
                0x08037cbc                sub_08037cbc
                0x08037d74                sub_08037d74
                0x08037e2c                sub_08037e2c
                0x08037e98                sub_08037e98
                0x08037fac                sub_08037fac
                0x08038094                sub_08038094
                0x08038168                sub_08038168
                0x080381f8                sub_080381f8
                0x08038334                sub_08038334
                0x08038e34                sub_08038e34
                0x08038e58                sub_08038e58
                0x0803905c                sub_0803905c
                0x080391f4                sub_080391f4
                0x080392d0                sub_080392d0
                0x08039438                sub_08039438
                0x08039604                sub_08039604
                0x080396bc                sub_080396bc
                0x08039784                sub_08039784
                0x080398b8                sub_080398b8
                0x08039980                sub_08039980
                0x08039a60                sub_08039a60
                0x08039b28                sub_08039b28
                0x08039f70                sub_08039f70
                0x0803a13c                sub_0803a13c
                0x0803a210                sub_0803a210
                0x0803a75c                sub_0803a75c
                0x0803a7cc                sub_0803a7cc
                0x0803a880                sub_0803a880
                0x0803a92c                sub_0803a92c
                0x0803a9e0                sub_0803a9e0
                0x0803ab38                sub_0803ab38
                0x0803abc4                sub_0803abc4
                0x0803ac38                sub_0803ac38
                0x0803b0f8                sub_0803b0f8
                0x0803b2b0                sub_0803b2b0
                0x0803b3c4                sub_0803b3c4
                0x0803b404                sub_0803b404
                0x0803b90c                sub_0803b90c
                0x0803b9f8                sub_0803b9f8
                0x0803baf8                sub_0803baf8
                0x0803bbe8                sub_0803bbe8
                0x0803be48                sub_0803be48
                0x0803c190                sub_0803c190
                0x0803c41c                sub_0803c41c
                0x0803c4d8                sub_0803c4d8
                0x0803c7d4                sub_0803c7d4
                0x0803c9bc                sub_0803c9bc
                0x0803c9f0                sub_0803c9f0
                0x0803ca24                sub_0803ca24
                0x0803ca58                sub_0803ca58
                0x0803cae0                sub_0803cae0
                0x0803ccc8                sub_0803ccc8
                0x0803cd04                sub_0803cd04
                0x0803cd38                sub_0803cd38
                0x0803cd6c                sub_0803cd6c
                0x0803cddc                sub_0803cddc
                0x0803ce18                sub_0803ce18
                0x0803ce54                sub_0803ce54
                0x0803cecc                sub_0803cecc
                0x0803cf08                sub_0803cf08
                0x0803cfbc                sub_0803cfbc
                0x0803d0e4                sub_0803d0e4
                0x0803d0fc                sub_0803d0fc
                0x0803d180                sub_0803d180
                0x0803d190                sub_0803d190
                0x0803d1c8                sub_0803d1c8
                0x0803d224                sub_0803d224
                0x0803d234                sub_0803d234
                0x0803d254                sub_0803d254
                0x0803d290                sub_0803d290
                0x0803d3f0                sub_0803d3f0
                0x0803d5a4                sub_0803d5a4
                0x0803d7dc                sub_0803d7dc
                0x0803da1c                sub_0803da1c
                0x0803dab8                sub_0803dab8
                0x0803dc3c                sub_0803dc3c
                0x0803dd78                sub_0803dd78
                0x0803de50                sub_0803de50
                0x0803dfc0                sub_0803dfc0
                0x0803e0f0                sub_0803e0f0
                0x0803e208                sub_0803e208
                0x0803e314                sub_0803e314
                0x0803e3e0                sub_0803e3e0
                0x0803e4a0                sub_0803e4a0
                0x0803e594                sub_0803e594
                0x0803e6f4                sub_0803e6f4
                0x0803e740                sub_0803e740
                0x0803ed6c                sub_0803ed6c
                0x0803f430                sub_0803f430
                0x0803f60c                sub_0803f60c
                0x0803f7f0                sub_0803f7f0
                0x0803fcb4                sub_0803fcb4
                0x0803ff7c                sub_0803ff7c
                0x08040160                sub_08040160
                0x080407d8                sub_080407d8
                0x08040950                sub_08040950
                0x080409e8                sub_080409e8
                0x08040bcc                sub_08040bcc
                0x08040cb8                sub_08040cb8
                0x08040d5c                sub_08040d5c
                0x08040df0                sub_08040df0
                0x08040ec0                sub_08040ec0
                0x08040f54                sub_08040f54
                0x08041024                sub_08041024
                0x080410b8                sub_080410b8
                0x08041100                sub_08041100
                0x08041154                sub_08041154
                0x08041184                sub_08041184
                0x080411b4                sub_080411b4
                0x080411fc                sub_080411fc
                0x08041278                sub_08041278
                0x080412bc                sub_080412bc
                0x08041310                sub_08041310
                0x080413d4                sub_080413d4
                0x080414a0                sub_080414a0
                0x08041620                sub_08041620
                0x080417dc                sub_080417dc
                0x08041910                sub_08041910
                0x08041a48                sub_08041a48
                0x08041a84                sub_08041a84
                0x08041b28                sub_08041b28
                0x08041b2c                sub_08041b2c
                0x08041bc0                sub_08041bc0
                0x08041bf8                sub_08041bf8
                0x08041c88                sub_08041c88
                0x08041cac                sub_08041cac
                0x08041cd4                sub_08041cd4
                0x08041d04                sub_08041d04
                0x08041d34                sub_08041d34
                0x08041d64                sub_08041d64
                0x08041d94                sub_08041d94
                0x08041ed4                sub_08041ed4
                0x08041fd0                sub_08041fd0
                0x08042088                sub_08042088
                0x080421d8                sub_080421d8
                0x08042260                sub_08042260
                0x08042620                sub_08042620
                0x08042668                sub_08042668
                0x08042738                sub_08042738
                0x08043048                sub_08043048
                0x08043180                sub_08043180
                0x08043244                sub_08043244
                0x080434fc                sub_080434fc
                0x08043768                sub_08043768
                0x08043ec8                sub_08043ec8
                0x08044164                sub_08044164
                0x080441f8                sub_080441f8
                0x08044268                sub_08044268
                0x080446c0                sub_080446c0
                0x080447c8                sub_080447c8
                0x080447f4                sub_080447f4
                0x08044818                sub_08044818
                0x08044894                sub_08044894
                0x080448a8                sub_080448a8
                0x080448bc                sub_080448bc
                0x080448d0                sub_080448d0
                0x080448e4                sub_080448e4
                0x080448fc                sub_080448fc
                0x08044934                sub_08044934
                0x080449a4                sub_080449a4
                0x080449d8                sub_080449d8
                0x08044afc                sub_08044afc
                0x08044b8c                sub_08044b8c
                0x08044c0c                sub_08044c0c
                0x08044c78                sub_08044c78
                0x08044d08                sub_08044d08
                0x08044e7c                sub_08044e7c
                0x080459d0                sub_080459d0
                0x080459f0                sub_080459f0
                0x08045a68                sub_08045a68
                0x08045a9c                sub_08045a9c
                0x08045aec                sub_08045aec
                0x08045bf4                sub_08045bf4
                0x08045d4c                sub_08045d4c
                0x08046668                sub_08046668
                0x080466c4                sub_080466c4
                0x08046734                sub_08046734
                0x08046cdc                sub_08046cdc
                0x08046d7c                sub_08046d7c
                0x08046df4                sub_08046df4
                0x08046e50                sub_08046e50
                0x080470d8                sub_080470d8
                0x08047294                sub_08047294
                0x080472e8                sub_080472e8
                0x0804741c                sub_0804741c
                0x08047590                sub_08047590
                0x0804764c                sub_0804764c
                0x08047738                sub_08047738
                0x080478a4                sub_080478a4
                0x08047ae0                sub_08047ae0
                0x08047d34                sub_08047d34
                0x08047e68                sub_08047e68
                0x08048188                sub_08048188
                0x0804825c                sub_0804825c
                0x080482e4                sub_080482e4
                0x080483a8                sub_080483a8
                0x08048430                sub_08048430
                0x080485cc                sub_080485cc
                0x08048748                sub_08048748
                0x08048958                sub_08048958
                0x08048a14                sub_08048a14
                0x08048a34                sub_08048a34
                0x08048a48                sub_08048a48
                0x08048ac4                sub_08048ac4
                0x08048af8                sub_08048af8
                0x08048b28                sub_08048b28
                0x08048b44                sub_08048b44
                0x08048b94                sub_08048b94
                0x08048bcc                sub_08048bcc
                0x08048c5c                sub_08048c5c
                0x08048c8c                sub_08048c8c
                0x08048cdc                sub_08048cdc
                0x08048d30                sub_08048d30
                0x08048d90                sub_08048d90
                0x08048dc4                sub_08048dc4
                0x08048e4c                sub_08048e4c
                0x08048eb8                sub_08048eb8
                0x08048eec                sub_08048eec
                0x08048fdc                sub_08048fdc
                0x08049068                sub_08049068
                0x080490ac                sub_080490ac
                0x08049108                sub_08049108
                0x08049164                sub_08049164
                0x080491c0                sub_080491c0
                0x080491dc                sub_080491dc
                0x08049214                sub_08049214
                0x08049258                sub_08049258
                0x08049274                sub_08049274
                0x080492dc                sub_080492dc
                0x08049338                sub_08049338
                0x0804939c                sub_0804939c
                0x08049414                sub_08049414
                0x08049498                sub_08049498
                0x0804952c                sub_0804952c
                0x0804a200                sub_0804a200
                0x0804a218                sub_0804a218
                0x0804a254                sub_0804a254
                0x0804a28c                sub_0804a28c
                0x0804a2ec                sub_0804a2ec
                0x0804a34c                sub_0804a34c
                0x0804a3ac                sub_0804a3ac
                0x0804a400                sub_0804a400
                0x0804a44c                sub_0804a44c
                0x0804a49c                sub_0804a49c
                0x0804a92c                sub_0804a92c
                0x0804a9cc                sub_0804a9cc
                0x0804ae68                sub_0804ae68
                0x0804af0c                sub_0804af0c
                0x0804af74                sub_0804af74
                0x0804b034                sub_0804b034
                0x0804b958                sub_0804b958
                0x0804b9f4                sub_0804b9f4
                0x0804ba88                sub_0804ba88
                0x0804baa8                sub_0804baa8
                0x0804bb3c                sub_0804bb3c
                0x0804bbe8                sub_0804bbe8
                0x0804bc44                sub_0804bc44
                0x0804bc78                sub_0804bc78
                0x0804bdb0                sub_0804bdb0
                0x0804bea0                sub_0804bea0
                0x0804c02c                sub_0804c02c
                0x0804c1b4                sub_0804c1b4
                0x0804c420                sub_0804c420
                0x0804c8e4                sub_0804c8e4
                0x0804cacc                sub_0804cacc
                0x0804cb10                sub_0804cb10
                0x0804cbe8                sub_0804cbe8
                0x0804cca4                sub_0804cca4
                0x0804ce2c                sub_0804ce2c
                0x0804d72c                sub_0804d72c
                0x0804d73c                sub_0804d73c
                0x0804d74e                sub_0804d74e
                0x0804d764                sub_0804d764
                0x0804d78c                sub_0804d78c
                0x0804d8bc                sub_0804d8bc
                0x0804f51c                sub_0804f51c
                0x0804f588                sub_0804f588
                0x0804f5f4                sub_0804f5f4
                0x0804f660                sub_0804f660
                0x0804f6cc                sub_0804f6cc
                0x0804f738                sub_0804f738
                0x0804f824                sub_0804f824
                0x0804f988                sub_0804f988
                0x0804fb38                sub_0804fb38
                0x0804fb64                sub_0804fb64
                0x0804fce4                sub_0804fce4
                0x0804fd9c                sub_0804fd9c
                0x0804fe08                sub_0804fe08
                0x08050114                sub_08050114
                0x08050160                sub_08050160
                0x08050210                sub_08050210
                0x080502d0                sub_080502d0
                0x080502f0                sub_080502f0
                0x08050364                sub_08050364
                0x080503d8                sub_080503d8
                0x080505c8                sub_080505c8
                0x08050638                sub_08050638
                0x080508b0                sub_080508b0
                0x08050928                sub_08050928
                0x08050a3c                sub_08050a3c
                0x08050a80                sub_08050a80
                0x08050bf0                sub_08050bf0
                0x08050c6c                sub_08050c6c
                0x08050cac                sub_08050cac
                0x08050d2c                sub_08050d2c
                0x08050f5c                sub_08050f5c
                0x080511d0                sub_080511d0
                0x08051244                sub_08051244
                0x080514cc                sub_080514cc
                0x080515a8                sub_080515a8
                0x080517f0                sub_080517f0
                0x08051ab4                sub_08051ab4
                0x08051dd0                sub_08051dd0
                0x08051e48                sub_08051e48
                0x08051ebc                sub_08051ebc
                0x08052054                sub_08052054
                0x08052150                sub_08052150
                0x08052274                sub_08052274
                0x080522f4                sub_080522f4
                0x0805243c                sub_0805243c
                0x08052478                sub_08052478
                0x08052514                sub_08052514
                0x08052570                sub_08052570
                0x08052664                sub_08052664
                0x0805270c                sub_0805270c
                0x080527d0                sub_080527d0
                0x08052878                sub_08052878
                0x080529c4                sub_080529c4
                0x08052a34                sub_08052a34
                0x08052aa8                sub_08052aa8
                0x08052b5c                sub_08052b5c
                0x08052ca4                sub_08052ca4
                0x08052d18                sub_08052d18
                0x080530d0                sub_080530d0
                0x08053138                sub_08053138
                0x080531ec                sub_080531ec
                0x080532f8                sub_080532f8
                0x080533ac                sub_080533ac
                0x080537c0                sub_080537c0
                0x080537fc                sub_080537fc
                0x08053848                sub_08053848
                0x0805395c                sub_0805395c
                0x080539d0                sub_080539d0
                0x08053a10                sub_08053a10
                0x08053a50                sub_08053a50
                0x08053a80                sub_08053a80
                0x08053aac                sub_08053aac
                0x08053ad8                sub_08053ad8
                0x08053b04                sub_08053b04
                0x08053b38                sub_08053b38
                0x08053b64                sub_08053b64
                0x08053b94                sub_08053b94
                0x08053bc4                sub_08053bc4
                0x08053bf4                sub_08053bf4
                0x08053c24                sub_08053c24
                0x08053c54                sub_08053c54
                0x08053c84                sub_08053c84
                0x08053ca8                sub_08053ca8
                0x08053cbc                sub_08053cbc
                0x08053cd0                sub_08053cd0
                0x08053d1c                sub_08053d1c
                0x08053d4c                sub_08053d4c
                0x08053d7c                sub_08053d7c
                0x08053dac                sub_08053dac
                0x08053ddc                sub_08053ddc
                0x08053e24                sub_08053e24
                0x08053e54                sub_08053e54
                0x08053e84                sub_08053e84
                0x08053eb4                sub_08053eb4
                0x08053ee4                sub_08053ee4
                0x08053f10                sub_08053f10
                0x08053f3c                sub_08053f3c
                0x08053f6c                sub_08053f6c
                0x08053fa0                sub_08053fa0
                0x0805405c                sub_0805405c
                0x08054108                sub_08054108
                0x08054170                sub_08054170
                0x0805419c                sub_0805419c
                0x080541d4                sub_080541d4
                0x080543c0                sub_080543c0
                0x0805441c                sub_0805441c
                0x080544a0                sub_080544a0
                0x08054568                sub_08054568
                0x080545d4                sub_080545d4
                0x08054608                sub_08054608
                0x080548b8                sub_080548b8
                0x080548ec                sub_080548ec
                0x08054930                sub_08054930
                0x08054954                sub_08054954
                0x080549d0                sub_080549d0
                0x08054a2c                sub_08054a2c
                0x08054ddc                sub_08054ddc
                0x08054dfc                sub_08054dfc
                0x08054e40                sub_08054e40
                0x08054e58                sub_08054e58
                0x08054e88                sub_08054e88
                0x08054ed0                sub_08054ed0
                0x08054f04                sub_08054f04
                0x08054f68                sub_08054f68
                0x08054fcc                sub_08054fcc
                0x08055030                sub_08055030
                0x080550f0                sub_080550f0
                0x08055180                sub_08055180
                0x08055408                sub_08055408
                0x08055480                sub_08055480
                0x080556e4                sub_080556e4
                0x0805572c                sub_0805572c
                0x08055774                sub_08055774
                0x080557e0                sub_080557e0
                0x08055828                sub_08055828
                0x08055928                sub_08055928
                0x08055998                sub_08055998
                0x080559cc                sub_080559cc
                0x08055a00                sub_08055a00
                0x08055a34                sub_08055a34
                0x08055a68                sub_08055a68
                0x08055abc                sub_08055abc
                0x08055b4c                sub_08055b4c
                0x08055c28                sub_08055c28
                0x08055dbc                sub_08055dbc
                0x08055df8                sub_08055df8
                0x08055e88                sub_08055e88
                0x08055f04                sub_08055f04
                0x08055f78                sub_08055f78
                0x08055fac                sub_08055fac
                0x08056004                sub_08056004
                0x08056030                sub_08056030
                0x080560ac                sub_080560ac
                0x08056354                sub_08056354
                0x08056470                sub_08056470
                0x08056600                sub_08056600
                0x08056700                sub_08056700
                0x080567ec                sub_080567ec
                0x0805688c                sub_0805688c
                0x08056974                sub_08056974
                0x08056a78                sub_08056a78
                0x08056adc                sub_08056adc
                0x08056cc8                sub_08056cc8
                0x08057100                sub_08057100
                0x080571c0                sub_080571c0
                0x08057224                sub_08057224
                0x0805729c                sub_0805729c
                0x08057300                sub_08057300
                0x08057328                sub_08057328
                0x08057370                sub_08057370
                0x08057378                sub_08057378
                0x08057388                sub_08057388
                0x080573d8                sub_080573d8
                0x08057428                sub_08057428
                0x080574a4                sub_080574a4
                0x080574f0                sub_080574f0
                0x080575ac                sub_080575ac
                0x080575e8                sub_080575e8
                0x08057620                sub_08057620
                0x08057654                sub_08057654
                0x08057688                sub_08057688
                0x0805768c                sub_0805768c
                0x080577f8                sub_080577f8
                0x08057828                sub_08057828
                0x08057850                sub_08057850
                0x08057878                sub_08057878
                0x080578a0                sub_080578a0
                0x080578d8                sub_080578d8
                0x08057900                sub_08057900
                0x08057930                sub_08057930
 asm/mobile_adapter_gb0.o(.text)
 .text          0x08057950     0x92a4 asm/mobile_adapter_gb0.o
                0x08057950                _MGBLoadMgbNickname
                0x08057980                sub_08057980
                0x080579a0                _MGBLoadPassword
                0x080579d0                sub_080579d0
                0x080579f4                sub_080579f4
                0x08057a24                sub_08057a24
                0x08057a44                _getMgbAddress
                0x08057a9c                _getMgbZipcode
                0x08057af4                _getMgbPrefectureId
                0x08057b28                _getMgbPhoneNumber
                0x08057b80                _getMgbRealName
                0x08057bd8                sub_08057bd8
                0x08057c14                sub_08057c14
                0x08057c3c                sub_08057c3c
                0x08057c78                sub_08057c78
                0x08057ca4                sub_08057ca4
                0x08057d00                sub_08057d00
                0x08057d24                sub_08057d24
                0x08057d4c                sub_08057d4c
                0x08057d88                sub_08057d88
                0x08057dc4                sub_08057dc4
                0x08057dec                sub_08057dec
                0x08057e34                sub_08057e34
                0x08057eac                sub_08057eac
                0x08057fa8                sub_08057fa8
                0x08057fd8                sub_08057fd8
                0x08058004                sub_08058004
                0x080580bc                sub_080580bc
                0x08058274                sub_08058274
                0x08058340                sub_08058340
                0x0805837c                sub_0805837c
                0x080583c0                sub_080583c0
                0x0805841c                sub_0805841c
                0x080584c4                sub_080584c4
                0x080585fc                sub_080585fc
                0x08058668                sub_08058668
                0x080586d8                sub_080586d8
                0x0805882c                sub_0805882c
                0x080588b4                sub_080588b4
                0x080588d0                sub_080588d0
                0x08058948                sub_08058948
                0x08058998                sub_08058998
                0x08058a0c                sub_08058a0c
                0x08058a48                sub_08058a48
                0x08058ab8                sub_08058ab8
                0x08058b24                sub_08058b24
                0x08058b58                sub_08058b58
                0x08058b8c                sub_08058b8c
                0x08058bc0                sub_08058bc0
                0x08058c20                sub_08058c20
                0x08058d24                sub_08058d24
                0x08058fdc                sub_08058fdc
                0x080590ec                sub_080590ec
                0x08059294                sub_08059294
                0x08059a88                sub_08059a88
                0x08059b60                sub_08059b60
                0x08059cb4                sub_08059cb4
                0x08059d38                sub_08059d38
                0x08059dc8                sub_08059dc8
                0x08059e68                sub_08059e68
                0x08059ed8                sub_08059ed8
                0x08059f00                sub_08059f00
                0x08059f50                sub_08059f50
                0x08059fd4                sub_08059fd4
                0x0805a05c                sub_0805a05c
                0x0805a0ec                sub_0805a0ec
                0x0805a108                sub_0805a108
                0x0805a170                sub_0805a170
                0x0805a1c8                sub_0805a1c8
                0x0805a21c                sub_0805a21c
                0x0805a26c                sub_0805a26c
                0x0805a28c                sub_0805a28c
                0x0805a3fc                _OnSelectMGBMenu
                0x0805a5a4                _PrepareMGBMenu
                0x0805a89c                _LoadMGBBackGround
                0x0805a930                _TryLoadMGBMainMenu
                0x0805ae04                sub_0805ae04
                0x0805ae78                sub_0805ae78
                0x0805af0c                sub_0805af0c
                0x0805b20c                sub_0805b20c
                0x0805b270                sub_0805b270
                0x0805b368                sub_0805b368
                0x0805b3e0                sub_0805b3e0
                0x0805b52c                sub_0805b52c
                0x0805b580                sub_0805b580
                0x0805b720                sub_0805b720
                0x0805b7f4                sub_0805b7f4
                0x0805bb2c                sub_0805bb2c
                0x0805be34                sub_0805be34
                0x0805be94                sub_0805be94
                0x0805bf18                sub_0805bf18
                0x0805c0e4                sub_0805c0e4
                0x0805c250                sub_0805c250
                0x0805c32c                sub_0805c32c
                0x0805c408                sub_0805c408
                0x0805c470                sub_0805c470
                0x0805c4dc                sub_0805c4dc
                0x0805c58c                sub_0805c58c
                0x0805c788                sub_0805c788
                0x0805cb14                sub_0805cb14
                0x0805cbc4                sub_0805cbc4
                0x0805d290                sub_0805d290
                0x0805dddc                sub_0805dddc
                0x0805dec0                sub_0805dec0
                0x0805df80                sub_0805df80
                0x0805e3e8                sub_0805e3e8
                0x0805e4dc                sub_0805e4dc
                0x0805e558                sub_0805e558
                0x0805e638                sub_0805e638
                0x0805e6ac                sub_0805e6ac
                0x0805e99c                sub_0805e99c
                0x0805ec5c                sub_0805ec5c
                0x0805ed08                sub_0805ed08
                0x0805edf4                sub_0805edf4
                0x0805efd4                sub_0805efd4
                0x0805f16c                sub_0805f16c
                0x0805f2d8                sub_0805f2d8
                0x0805f330                sub_0805f330
                0x0805f378                sub_0805f378
                0x0805f408                sub_0805f408
                0x0805f4e0                sub_0805f4e0
                0x0805f554                sub_0805f554
                0x0805f848                sub_0805f848
                0x0805f8b4                _LoadMGBRegistrationMenu
                0x0805fa9c                sub_0805fa9c
                0x0805fb80                sub_0805fb80
                0x0805fc08                sub_0805fc08
                0x0805fd0c                sub_0805fd0c
                0x0805fe78                sub_0805fe78
                0x0805ff20                sub_0805ff20
                0x080600b4                sub_080600b4
                0x0806016c                sub_0806016c
                0x080601b8                sub_080601b8
                0x080601c8                sub_080601c8
                0x0806022c                sub_0806022c
                0x08060298                sub_08060298
                0x080602d4                sub_080602d4
                0x080602e0                sub_080602e0
                0x080602f0                sub_080602f0
                0x080602fc                sub_080602fc
                0x08060338                sub_08060338
                0x08060434                sub_08060434
                0x08060468                sub_08060468
                0x08060490                sub_08060490
                0x080604d8                sub_080604d8
                0x0806055c                sub_0806055c
                0x08060644                sub_08060644
                0x08060694                sub_08060694
                0x080606d0                sub_080606d0
                0x08060820                sub_08060820
                0x080608f0                sub_080608f0
                0x08060958                sub_08060958
                0x080609b8                sub_080609b8
                0x08060ae4                sub_08060ae4
 src/mobile_adapter_gb.o(.text)
 .text          0x08060bf4      0x3a0 src/mobile_adapter_gb.o
                0x08060bf4                sub_08060bf4
                0x08060c00                sub_08060c00
                0x08060c5c                sub_08060c5c
                0x08060c60                getMgbNicknameFromMGBStruct
                0x08060c64                checkMgbNicknameExists
                0x08060c80                clearMgbNickname
                0x08060c94                copyMgbNicknameToBuffer
                0x08060cac                setMgbNickname
                0x08060cc4                getMgbRealNameFromMGBStruct
                0x08060cc8                checkMgbRealNameExists
                0x08060ce4                clearMgbRealName
                0x08060cf8                copyMgbRealNameToBuffer
                0x08060d10                setMgbRealName
                0x08060d28                getMgbAddressFromMGBStruct
                0x08060d2c                checkMgbAddressExists
                0x08060d48                clearMgbAddress
                0x08060d5c                copyMgbAddressToBuffer
                0x08060d74                setMgbAddress
                0x08060d8c                getPhoneNumberFromMGBStruct
                0x08060d90                clearMgbPhoneNumber
                0x08060da4                copyMgbPhoneNumberToBuffer
                0x08060dbc                setMgbPhoneNumber
                0x08060dd4                getMgbZipcodeFromMGBStruct
                0x08060dd8                clearMgbZipcode
                0x08060dec                copyMgbZipcodeToBuffer
                0x08060e04                setMgbZipcode
                0x08060e1c                getMgbPrefectureIdFromMGBStruct
                0x08060e20                checkMgbPrefectureIdIsValid
                0x08060e30                invalidateMgbPrefectureId
                0x08060e38                copyMgbPrefectureIdToBuffer
                0x08060e40                setMgbPrefectureIdToBuffer
                0x08060e48                getMgbPasswordFromMGBStruct
                0x08060e4c                clearMgbPassword
                0x08060e54                copyMgbPasswordToBuffer
                0x08060e6c                setMgbPassword
                0x08060e84                getMgbZipcodeFromMGBStruct_2
                0x08060e88                checkMgbZipcodeIsValid
                0x08060ea4                invalidateMgbZipcode
                0x08060eb8                copyMgbZipcodeToBuffer_2
                0x08060ed0                copyMgbZipcodeToBuffer_3
                0x08060ee8                getMgbPhoneNumberFromMGBStruct_2
                0x08060eec                checkMgbPhoneNumberIsValid
                0x08060efc                invalidateMgbPhoneNumber
                0x08060f10                copyMgbPhoneNumberToBuffer_2
                0x08060f28                copyMgbPhoneNumberToBuffer_3
                0x08060f40                sub_08060f40
                0x08060f44                checkStringIsNotEmpty
                0x08060f60                clearString
                0x08060f70                clearMGBUserInfoObject
 asm/mobile_adapter_gb1.o(.text)
 .text          0x08060f94     0x9168 asm/mobile_adapter_gb1.o
                0x08060f94                sub_08060f94
                0x08061010                sub_08061010
                0x08061048                sub_08061048
                0x080610ec                sub_080610ec
                0x08061258                sub_08061258
                0x0806131c                sub_0806131c
                0x08061414                sub_08061414
                0x080615d4                sub_080615d4
                0x080616d4                sub_080616d4
                0x08061754                sub_08061754
                0x08061c2c                sub_08061c2c
                0x08061ea0                sub_08061ea0
                0x08062018                sub_08062018
                0x0806216c                sub_0806216c
                0x08062208                sub_08062208
                0x08062310                sub_08062310
                0x0806257c                sub_0806257c
                0x08062634                sub_08062634
                0x08062828                sub_08062828
                0x08062a80                sub_08062a80
                0x08062c3c                sub_08062c3c
                0x08062db0                sub_08062db0
                0x08062f14                sub_08062f14
                0x080630b0                sub_080630b0
                0x080633c0                sub_080633c0
                0x08063500                sub_08063500
                0x0806361c                sub_0806361c
                0x080638b0                sub_080638b0
                0x08063bd0                sub_08063bd0
                0x08063f1c                sub_08063f1c
                0x080642ac                sub_080642ac
                0x080642fc                sub_080642fc
                0x08064328                sub_08064328
                0x080643f4                sub_080643f4
                0x08064408                sub_08064408
                0x08064460                sub_08064460
                0x080644d4                sub_080644d4
                0x08064534                sub_08064534
                0x0806458c                sub_0806458c
                0x080645dc                sub_080645dc
                0x080646b4                sub_080646b4
                0x080646fc                sub_080646fc
                0x0806483c                sub_0806483c
                0x080648e4                sub_080648e4
                0x080649b0                sub_080649b0
                0x08064a94                sub_08064a94
                0x08064b28                sub_08064b28
                0x08064c20                sub_08064c20
                0x08064e00                sub_08064e00
                0x08064ea4                sub_08064ea4
                0x080656b0                sub_080656b0
                0x080657b0                sub_080657b0
                0x0806581c                sub_0806581c
                0x08065828                sub_08065828
                0x08065854                sub_08065854
                0x080658a4                sub_080658a4
                0x0806599c                sub_0806599c
                0x08065a6c                sub_08065a6c
                0x08065d00                sub_08065d00
                0x08065eb4                sub_08065eb4
                0x0806604c                sub_0806604c
                0x0806633c                sub_0806633c
                0x08066478                sub_08066478
                0x08066568                sub_08066568
                0x08066660                sub_08066660
                0x0806676c                sub_0806676c
                0x08066938                sub_08066938
                0x080669e0                sub_080669e0
                0x08066ac8                sub_08066ac8
                0x08066db8                sub_08066db8
                0x08067624                sub_08067624
                0x080678d8                sub_080678d8
                0x080679f8                sub_080679f8
                0x08067aec                sub_08067aec
                0x08067bf0                sub_08067bf0
                0x080682dc                sub_080682dc
                0x08068598                sub_08068598
                0x08068b80                sub_08068b80
                0x080691c4                sub_080691c4
                0x0806927c                sub_0806927c
                0x08069324                sub_08069324
                0x08069364                sub_08069364
                0x08069394                sub_08069394
                0x08069430                sub_08069430
                0x080694a0                sub_080694a0
                0x080694c4                sub_080694c4
                0x08069544                sub_08069544
                0x08069568                sub_08069568
                0x080695c0                sub_080695c0
                0x080695ec                sub_080695ec
                0x08069610                sub_08069610
                0x08069614                sub_08069614
                0x0806963c                sub_0806963c
                0x08069690                sub_08069690
                0x080696dc                sub_080696dc
                0x08069730                sub_08069730
                0x0806976c                sub_0806976c
                0x0806983c                sub_0806983c
                0x080698d0                sub_080698d0
                0x08069ac4                sub_08069ac4
                0x08069b90                sub_08069b90
                0x08069c04                _LoadMGBMobileGPMenu
 asm/mka4.o(.text)
 .text          0x0806a0fc     0x7a68 asm/mka4.o
                0x0806a0fc                sub_0806a0fc
                0x0806a448                sub_0806a448
                0x0806a78c                sub_0806a78c
                0x0806a868                sub_0806a868
                0x0806aaec                sub_0806aaec
                0x0806ad3c                sub_0806ad3c
                0x0806ae16                sub_0806ae16
                0x0806b87a                sub_0806b87a
                0x0806b976                sub_0806b976
                0x0806ba24                sub_0806ba24
                0x0806ba2e                sub_0806ba2e
                0x0806ba34                sub_0806ba34
                0x0806bd54                sub_0806bd54
                0x0806bee8                sub_0806bee8
                0x0806bf5c                sub_0806bf5c
                0x0806c260                sub_0806c260
                0x0806c358                sub_0806c358
                0x0806c5a0                sub_0806c5a0
                0x0806c654                sub_0806c654
                0x0806c730                sub_0806c730
                0x0806c7d4                sub_0806c7d4
                0x0806cae4                sub_0806cae4
                0x0806cc90                sub_0806cc90
                0x0806cf0c                sub_0806cf0c
                0x0806cf74                sub_0806cf74
                0x0806cfdc                sub_0806cfdc
                0x0806d044                sub_0806d044
                0x0806d16c                sub_0806d16c
                0x0806d258                sub_0806d258
                0x0806d378                sub_0806d378
                0x0806d488                sub_0806d488
                0x0806d67c                sub_0806d67c
                0x0806d6fc                sub_0806d6fc
                0x0806d748                sub_0806d748
                0x0806d790                sub_0806d790
                0x0806d7d8                sub_0806d7d8
                0x0806d9a0                sub_0806d9a0
                0x0806dba4                sub_0806dba4
                0x0806dc98                sub_0806dc98
                0x0806e0fc                sub_0806e0fc
                0x0806e230                sub_0806e230
                0x0806e3e4                sub_0806e3e4
                0x0806e450                sub_0806e450
                0x0806e510                sub_0806e510
                0x0806e5ec                sub_0806e5ec
                0x0806e6ac                sub_0806e6ac
                0x0806e788                sub_0806e788
                0x0806ea8c                sub_0806ea8c
                0x0806ec04                sub_0806ec04
                0x0806ed4c                sub_0806ed4c
                0x0806ee14                sub_0806ee14
                0x0806ee5c                sub_0806ee5c
                0x0806efd4                sub_0806efd4
                0x0806f0b8                sub_0806f0b8
                0x0806f404                sub_0806f404
                0x0806f540                sub_0806f540
                0x0806f63c                sub_0806f63c
[...]
                0x08310f34                sub_08310f34
                0x08310fac                sub_08310fac
                0x08310fdc                sub_08310fdc
                0x08311014                sub_08311014
                0x08311458                sub_08311458
                0x0831151c                sub_0831151c
                0x083115bc                sub_083115bc
                0x08311770                sub_08311770
                0x0831179c                sub_0831179c
                0x083117a0                sub_083117a0
                0x08311810                sub_08311810
                0x08311824                sub_08311824
                0x08311858                sub_08311858
                0x0831188c                sub_0831188c
                0x083118cc                sub_083118cc
                0x083118f4                sub_083118f4
                0x0831191c                sub_0831191c
                0x08311948                sub_08311948
                0x08311954                sub_08311954
                0x08311960                sub_08311960
                0x0831196c                sub_0831196c
                0x08311990                sub_08311990
                0x083119a8                sub_083119a8
                0x083119bc                sub_083119bc
                0x08311a18                sub_08311a18
                0x08311a24                sub_08311a24
                0x08311a60                sub_08311a60
                0x08311aa8                sub_08311aa8
                0x08311aac                sub_08311aac
                0x08311af8                sub_08311af8
                0x08311b68                sub_08311b68
                0x08311bc0                sub_08311bc0
                0x08311c38                sub_08311c38
                0x08311d0c                sub_08311d0c
                0x08311d78                sub_08311d78
                0x08311d88                sub_08311d88
                0x08312118                sub_08312118
                0x08312638                sub_08312638
                0x08312740                sub_08312740
                0x08312778                sub_08312778
                0x083127fc                sub_083127fc
                0x0831287c                sub_0831287c
                0x08312898                sub_08312898
                0x083128b8                sub_083128b8
                0x08312a64                sub_08312a64
                0x08312aa4                sub_08312aa4
                0x08312ad0                sub_08312ad0
                0x08312b60                sub_08312b60
                0x08312d50                sub_08312d50
                0x08312e74                sub_08312e74
                0x08312f0c                sub_08312f0c
                0x08312f2c                sub_08312f2c
                0x083136a4                sub_083136a4
                0x0831377c                sub_0831377c
                0x08313874                sub_08313874
                0x08313aac                sub_08313aac
                0x08314300                sub_08314300
                0x0831430c                sub_0831430c
                0x0831448c                sub_0831448c
                0x083144d8                sub_083144d8
                0x08314524                sub_08314524
                0x0831456c                sub_0831456c
                0x083145d8                sub_083145d8
                0x08314788                sub_08314788
                0x0831481c                sub_0831481c
                0x08314864                sub_08314864
                0x083152e4                sub_083152e4
                0x0831530c                sub_0831530c
                0x08315618                sub_08315618
                0x083156c4                sub_083156c4
                0x0831571c                sub_0831571c
                0x08315798                sub_08315798
                0x083158a0                sub_083158a0
                0x083158e4                sub_083158e4
                0x083159dc                sub_083159dc
                0x08315a1c                sub_08315a1c
                0x08315a8c                sub_08315a8c
                0x08315b70                sub_08315b70
                0x08315dfc                sub_08315dfc
                0x08316040                sub_08316040
                0x083161d4                sub_083161d4
                0x083162e0                sub_083162e0
                0x08316324                sub_08316324
                0x083163d4                sub_083163d4
                0x083164c0                sub_083164c0
                0x08316514                sub_08316514
                0x083165b4                sub_083165b4
                0x0831676c                sub_0831676c
                0x08316770                sub_08316770
                0x0831698c                sub_0831698c
                0x08316aa8                sub_08316aa8
                0x08316b74                sub_08316b74
                0x08316ba0                sub_08316ba0
                0x08316be0                sub_08316be0
                0x08316be4                sub_08316be4
                0x08316dd0                sub_08316dd0
                0x08316df8                sub_08316df8
                0x08316e9c                sub_08316e9c
                0x08316ed8                sub_08316ed8
                0x08316ef0                sub_08316ef0
                0x0831700c                sub_0831700c
                0x08317048                sub_08317048
                0x083171b4                sub_083171b4
                0x08317250                sub_08317250
                0x083172a4                sub_083172a4
                0x083172bc                sub_083172bc
                0x083173e8                sub_083173e8
                0x0831745c                sub_0831745c
                0x08317484                sub_08317484
                0x0831749c                sub_0831749c
                0x083174d4                sub_083174d4
                0x08317524                sub_08317524
                0x083175d0                sub_083175d0
                0x08317658                sub_08317658
                0x0831774c                sub_0831774c
                0x08317828                sub_08317828
                0x08317870                sub_08317870
                0x08317898                sub_08317898
                0x083178b8                sub_083178b8
                0x0831791c                sub_0831791c
                0x08317960                sub_08317960
                0x08317978                sub_08317978
                0x08317980                sub_08317980
                0x083179e8                sub_083179e8
                0x08317a1c                sub_08317a1c
                0x08317a88                sub_08317a88
                0x08317f6c                sub_08317f6c
                0x08317f90                sub_08317f90
                0x08317fe8                sub_08317fe8
                0x083180c0                sub_083180c0
                0x083181a8                sub_083181a8
                0x0831827c                sub_0831827c
                0x0831830c                sub_0831830c
                0x08318984                sub_08318984
                0x08318b84                sub_08318b84
                0x08318b98                sub_08318b98
                0x08318c70                sub_08318c70
                0x08318dc4                sub_08318dc4
                0x08318f90                sub_08318f90
                0x08319048                sub_08319048
                0x08319068                sub_08319068
                0x083190f0                sub_083190f0
                0x08319120                sub_08319120
                0x08319140                sub_08319140
                0x083192bc                sub_083192bc
                0x08319488                sub_08319488
                0x0831955c                sub_0831955c
                0x083195bc                sub_083195bc
                0x08319650                sub_08319650
                0x083196cc                sub_083196cc
                0x08319830                sub_08319830
                0x08319938                sub_08319938
                0x083199ec                sub_083199ec
                0x08319a98                sub_08319a98
                0x08319b4c                sub_08319b4c
                0x08319ca8                sub_08319ca8
                0x08319da8                sub_08319da8
                0x08319de8                sub_08319de8
                0x08319fa4                sub_08319fa4
                0x0831a15c                sub_0831a15c
                0x0831a26c                sub_0831a26c
                0x0831a288                sub_0831a288
                0x0831a2d4                sub_0831a2d4
                0x0831a2e4                sub_0831a2e4
                0x0831a31c                sub_0831a31c
                0x0831a444                sub_0831a444
                0x0831a4d0                sub_0831a4d0
                0x0831a50c                sub_0831a50c
                0x0831a634                sub_0831a634
                0x0831ac70                sub_0831ac70
                0x0831acb8                sub_0831acb8
                0x0831ad0c                sub_0831ad0c
                0x0831ad34                sub_0831ad34
                0x0831ad64                sub_0831ad64
                0x0831add8                sub_0831add8
                0x0831ae4c                sub_0831ae4c
                0x0831aec0                sub_0831aec0
                0x0831aefc                sub_0831aefc
                0x0831af2c                sub_0831af2c
                0x0831b55c                sub_0831b55c
                0x0831b5a8                sub_0831b5a8
                0x0831b5d8                sub_0831b5d8
                0x0831cafc                sub_0831cafc
                0x0831cbe8                sub_0831cbe8
                0x0831cc48                sub_0831cc48
                0x0831ccdc                sub_0831ccdc
                0x0831cd70                sub_0831cd70
                0x0831ce04                sub_0831ce04
                0x0831cec8                sub_0831cec8
                0x0831cf94                sub_0831cf94
                0x0831d114                sub_0831d114
                0x0831d238                sub_0831d238
                0x0831d36c                sub_0831d36c
                0x0831d45c                sub_0831d45c
                0x0831d498                sub_0831d498
                0x0831d53c                sub_0831d53c
                0x0831d540                sub_0831d540
                0x0831d5d4                sub_0831d5d4
                0x0831d60c                sub_0831d60c
                0x0831d69c                sub_0831d69c
                0x0831d6c0                sub_0831d6c0
                0x0831d6f0                sub_0831d6f0
                0x0831d718                sub_0831d718
                0x0831d748                sub_0831d748
                0x0831d778                sub_0831d778
                0x0831d7e0                sub_0831d7e0
                0x0831d928                sub_0831d928
                0x0831d9ec                sub_0831d9ec
                0x0831da88                sub_0831da88
                0x0831dbd4                sub_0831dbd4
                0x0831eca8                sub_0831eca8
                0x0831ecbc                sub_0831ecbc
                0x0831ecd0                sub_0831ecd0
                0x0831ed60                sub_0831ed60
                0x0831ed70                sub_0831ed70
                0x0831ed84                sub_0831ed84
                0x0831f990                sub_0831f990
                0x0831fa1c                sub_0831fa1c
                0x0831fa20                sub_0831fa20
                0x08320124                sub_08320124
                0x08320194                sub_08320194
                0x08320220                sub_08320220
                0x083203b8                sub_083203b8
                0x083203f4                sub_083203f4
                0x0832042c                sub_0832042c
                0x0832045c                sub_0832045c
                0x0832049c                sub_0832049c
                0x083204d0                sub_083204d0
                0x08320664                sub_08320664
                0x08320678                sub_08320678
                0x08320684                sub_08320684
                0x083208f0                sub_083208f0
                0x08320b8c                sub_08320b8c
                0x08320f70                sub_08320f70
                0x08320fc0                sub_08320fc0
                0x083213ec                sub_083213ec
                0x08321434                sub_08321434
                0x083214a4                sub_083214a4
                0x08321500                sub_08321500
                0x0832151c                sub_0832151c
                0x08321b30                sub_08321b30
                0x08321b94                sub_08321b94
                0x08321c0c                sub_08321c0c
                0x083220fc                sub_083220fc
                0x08323a50                sub_08323a50
                0x08323b80                sub_08323b80
                0x08323c60                sub_08323c60
                0x08323d38                sub_08323d38
                0x08323d58                sub_08323d58
                0x08323d9c                sub_08323d9c
                0x08323dc4                sub_08323dc4
                0x08324068                sub_08324068
                0x083240c4                sub_083240c4
                0x083242ec                sub_083242ec
                0x08324364                sub_08324364
                0x08324430                sub_08324430
                0x08324474                sub_08324474
                0x08324498                sub_08324498
                0x083244f4                sub_083244f4
                0x08324920                sub_08324920
                0x08324940                sub_08324940
                0x08324984                sub_08324984
                0x0832499c                sub_0832499c
                0x083249c8                sub_083249c8
                0x08324a0c                sub_08324a0c
                0x08324a3c                sub_08324a3c
                0x08324aa0                sub_08324aa0
                0x08324b04                sub_08324b04
                0x08324b68                sub_08324b68
                0x08324bb0                sub_08324bb0
                0x08324bf8                sub_08324bf8
                0x08324c64                sub_08324c64
                0x08324c98                sub_08324c98
                0x08324ccc                sub_08324ccc
                0x08324d20                sub_08324d20
                0x08324db0                sub_08324db0
                0x08324e8c                sub_08324e8c
                0x08324f9c                sub_08324f9c
                0x0832502c                sub_0832502c
                0x083250a8                sub_083250a8
                0x083250dc                sub_083250dc
                0x08325150                sub_08325150
                0x0832517c                sub_0832517c
                0x083251d4                sub_083251d4
                0x083251e4                sub_083251e4
                0x08325592                sub_08325592
                0x083255b0                sub_083255b0
                0x083255d0                sub_083255d0
                0x08325600                sub_08325600
                0x08325618                sub_08325618
                0x0832561a                sub_0832561a
                0x08325634                sub_08325634
                0x08325690                sub_08325690
                0x08325a58                sub_08325a58
                0x08325a68                sub_08325a68
                0x08325aac                sub_08325aac
                0x08325adc                sub_08325adc
                0x08325d1c                sub_08325d1c
                0x08325d6c                sub_08325d6c
                0x08325e88                sub_08325e88
                0x08325e94                sub_08325e94
                0x08325f60                sub_08325f60
                0x08326084                sub_08326084
                0x083260cc                sub_083260cc
                0x083261e8                sub_083261e8
                0x083261fc                sub_083261fc
                0x08326210                sub_08326210
                0x083262dc                sub_083262dc
                0x08326380                sub_08326380
                0x08326418                sub_08326418
                0x0832646c                sub_0832646c
                0x083264d0                sub_083264d0
                0x08326508                sub_08326508
                0x08326580                sub_08326580
                0x08326664                sub_08326664
                0x083266a4                sub_083266a4
                0x0832676c                sub_0832676c
                0x08326dcc                sub_08326dcc
                0x08326df4                sub_08326df4
                0x08326e5c                sub_08326e5c
                0x08326ed0                sub_08326ed0
                0x08326f38                sub_08326f38
                0x08326f58                sub_08326f58
                0x08326fcc                sub_08326fcc
                0x08327040                sub_08327040
                0x08327198                sub_08327198
                0x083271b8                sub_083271b8
                0x083271cc                sub_083271cc
                0x083272bc                sub_083272bc
                0x083272c0                sub_083272c0
                0x083272c4                sub_083272c4
                0x083272c8                sub_083272c8
                0x083272d4                sub_083272d4
                0x083272dc                sub_083272dc
                0x083272fc                sub_083272fc
                0x08327304                sub_08327304
                0x08327308                sub_08327308
                0x0832730c                sub_0832730c
                0x08327320                sub_08327320
                0x08327340                sub_08327340
                0x083273d4                sub_083273d4
                0x083273d8                sub_083273d8
                0x08327450                sub_08327450
                0x08327550                sub_08327550
                0x08327560                sub_08327560
                0x083275d4                sub_083275d4
                0x08327638                sub_08327638
                0x08327674                sub_08327674
                0x08327684                sub_08327684
                0x08340994                sub_08340994
                0x08340a78                sub_08340a78
                0x08340b94                sub_08340b94
                0x08340c64                sub_08340c64
                0x0834131c                sub_0834131c

/DISCARD/
 *(*)
LOAD asm/crt0.o
LOAD asm/mobile_adapter_gb1.o
LOAD asm/defines.o
LOAD asm/mka0.o
LOAD asm/data.o
LOAD asm/mobile_adapter_gb0.o
LOAD asm/main.o
LOAD asm/mka3.o
LOAD asm/ram.o
LOAD asm/macros.o
LOAD asm/game.o
LOAD asm/mka5.o
LOAD asm/mka2.o
LOAD asm/swi.o
LOAD asm/rom_header.o
LOAD asm/mobile_adapter_gb_intro.o
LOAD asm/mka6.o
LOAD asm/mka4.o
LOAD asm/mka1.o
LOAD src/mobile_adapter_gb.o
LOAD tools/agbcc/lib\libgcc.a
LOAD tools/agbcc/lib\libc.a
OUTPUT(mka.elf elf32-littlearm)
